ARM Linker, RVCT4.0 [Build 524] for uVision [Standard]

==============================================================================

Section Cross References

    main.o(i.EXTI_Config) refers to stm32f10x_gpio.o(i.GPIO_EXTILineConfig) for GPIO_EXTILineConfig
    main.o(i.EXTI_Config) refers to stm32f10x_exti.o(i.EXTI_ClearITPendingBit) for EXTI_ClearITPendingBit
    main.o(i.EXTI_Config) refers to stm32f10x_exti.o(i.EXTI_Init) for EXTI_Init
    main.o(i.Timer_Config) refers to stm32f10x_rcc.o(i.RCC_APB1PeriphClockCmd) for RCC_APB1PeriphClockCmd
    main.o(i.Timer_Config) refers to stm32f10x_tim.o(i.TIM_DeInit) for TIM_DeInit
    main.o(i.Timer_Config) refers to stm32f10x_tim.o(i.TIM_TimeBaseInit) for TIM_TimeBaseInit
    main.o(i.Timer_Config) refers to stm32f10x_tim.o(i.TIM_ClearFlag) for TIM_ClearFlag
    main.o(i.Timer_Config) refers to stm32f10x_tim.o(i.TIM_ITConfig) for TIM_ITConfig
    main.o(i.Timer_Config) refers to stm32f10x_tim.o(i.TIM_Cmd) for TIM_Cmd
    main.o(i.Timer_Config) refers to main.o(.bss) for .bss
    main.o(i.main) refers to rtc_init.o(i.RTC_Init) for RTC_Init
    main.o(i.main) refers to stm32f10x_rcc.o(i.RCC_AHBPeriphClockCmd) for RCC_AHBPeriphClockCmd
    main.o(i.main) refers to lcd_init.o(i.FSMC_LCD_Init) for FSMC_LCD_Init
    main.o(i.main) refers to lcd.o(i.LCD_Setup) for LCD_Setup
    main.o(i.main) refers to main.o(i.EXTI_Config) for EXTI_Config
    main.o(i.main) refers to main.o(i.Timer_Config) for Timer_Config
    main.o(i.main) refers to lcd.o(i.Wel_Logo) for Wel_Logo
    main.o(i.main) refers to lcd.o(i.test) for test
    main.o(i.main) refers to bill.o(i.Print_Bill) for Print_Bill
    main.o(i.main) refers to stm32f10x_gpio.o(i.GPIO_ResetBits) for GPIO_ResetBits
    main.o(i.main) refers to rtc_init.o(i.Delay) for Delay
    main.o(i.main) refers to stm32f10x_gpio.o(i.GPIO_SetBits) for GPIO_SetBits
    main.o(i.main) refers to main.o(.data) for .data
    rtc_init.o(i.GPIO_Configuration) refers to stm32f10x_gpio.o(i.GPIO_Init) for GPIO_Init
    rtc_init.o(i.GPIO_Configuration) refers to stm32f10x_rcc.o(i.RCC_APB2PeriphClockCmd) for RCC_APB2PeriphClockCmd
    rtc_init.o(i.NVIC_Configuration) refers to misc.o(i.NVIC_SetVectorTable) for NVIC_SetVectorTable
    rtc_init.o(i.NVIC_Configuration) refers to misc.o(i.NVIC_PriorityGroupConfig) for NVIC_PriorityGroupConfig
    rtc_init.o(i.NVIC_Configuration) refers to misc.o(i.NVIC_Init) for NVIC_Init
    rtc_init.o(i.RCC_Configuration) refers to stm32f10x_rcc.o(i.RCC_DeInit) for RCC_DeInit
    rtc_init.o(i.RCC_Configuration) refers to stm32f10x_rcc.o(i.RCC_HSEConfig) for RCC_HSEConfig
    rtc_init.o(i.RCC_Configuration) refers to stm32f10x_rcc.o(i.RCC_WaitForHSEStartUp) for RCC_WaitForHSEStartUp
    rtc_init.o(i.RCC_Configuration) refers to stm32f10x_flash.o(i.FLASH_PrefetchBufferCmd) for FLASH_PrefetchBufferCmd
    rtc_init.o(i.RCC_Configuration) refers to stm32f10x_flash.o(i.FLASH_SetLatency) for FLASH_SetLatency
    rtc_init.o(i.RCC_Configuration) refers to stm32f10x_rcc.o(i.RCC_HCLKConfig) for RCC_HCLKConfig
    rtc_init.o(i.RCC_Configuration) refers to stm32f10x_rcc.o(i.RCC_PCLK2Config) for RCC_PCLK2Config
    rtc_init.o(i.RCC_Configuration) refers to stm32f10x_rcc.o(i.RCC_PCLK1Config) for RCC_PCLK1Config
    rtc_init.o(i.RCC_Configuration) refers to stm32f10x_rcc.o(i.RCC_PLLConfig) for RCC_PLLConfig
    rtc_init.o(i.RCC_Configuration) refers to stm32f10x_rcc.o(i.RCC_PLLCmd) for RCC_PLLCmd
    rtc_init.o(i.RCC_Configuration) refers to stm32f10x_rcc.o(i.RCC_GetFlagStatus) for RCC_GetFlagStatus
    rtc_init.o(i.RCC_Configuration) refers to stm32f10x_rcc.o(i.RCC_SYSCLKConfig) for RCC_SYSCLKConfig
    rtc_init.o(i.RCC_Configuration) refers to stm32f10x_rcc.o(i.RCC_GetSYSCLKSource) for RCC_GetSYSCLKSource
    rtc_init.o(i.RCC_Configuration) refers to stm32f10x_rcc.o(i.RCC_APB2PeriphClockCmd) for RCC_APB2PeriphClockCmd
    rtc_init.o(i.RCC_Configuration) refers to rtc_init.o(.data) for .data
    rtc_init.o(i.RTC_Configuration) refers to stm32f10x_rcc.o(i.RCC_APB1PeriphClockCmd) for RCC_APB1PeriphClockCmd
    rtc_init.o(i.RTC_Configuration) refers to stm32f10x_pwr.o(i.PWR_BackupAccessCmd) for PWR_BackupAccessCmd
    rtc_init.o(i.RTC_Configuration) refers to stm32f10x_bkp.o(i.BKP_DeInit) for BKP_DeInit
    rtc_init.o(i.RTC_Configuration) refers to stm32f10x_rcc.o(i.RCC_LSEConfig) for RCC_LSEConfig
    rtc_init.o(i.RTC_Configuration) refers to stm32f10x_rcc.o(i.RCC_GetFlagStatus) for RCC_GetFlagStatus
    rtc_init.o(i.RTC_Configuration) refers to stm32f10x_rcc.o(i.RCC_RTCCLKConfig) for RCC_RTCCLKConfig
    rtc_init.o(i.RTC_Configuration) refers to stm32f10x_rcc.o(i.RCC_RTCCLKCmd) for RCC_RTCCLKCmd
    rtc_init.o(i.RTC_Configuration) refers to stm32f10x_rtc.o(i.RTC_WaitForSynchro) for RTC_WaitForSynchro
    rtc_init.o(i.RTC_Configuration) refers to stm32f10x_rtc.o(i.RTC_WaitForLastTask) for RTC_WaitForLastTask
[...]
    Removing lcd.o(.constdata), (20 bytes).
    Removing lcd.o(.constdata), (12 bytes).
    Removing lcd.o(.data), (3 bytes).
    Removing lcd.o(.data), (6 bytes).
    Removing stm32f10x_rcc.o(i.RCC_ADCCLKConfig), (20 bytes).
    Removing stm32f10x_rcc.o(i.RCC_AdjustHSICalibrationValue), (20 bytes).
    Removing stm32f10x_rcc.o(i.RCC_ClearITPendingBit), (12 bytes).
    Removing stm32f10x_rcc.o(i.RCC_ClockSecuritySystemCmd), (12 bytes).
    Removing stm32f10x_rcc.o(i.RCC_GetITStatus), (20 bytes).
    Removing stm32f10x_rcc.o(i.RCC_HSICmd), (12 bytes).
    Removing stm32f10x_rcc.o(i.RCC_ITConfig), (24 bytes).
    Removing stm32f10x_rcc.o(i.RCC_LSICmd), (12 bytes).
    Removing stm32f10x_rcc.o(i.RCC_MCOConfig), (12 bytes).
    Removing stm32f10x_rcc.o(i.RCC_USBCLKConfig), (12 bytes).
    Removing stm32f10x_gpio.o(i.GPIO_AFIODeInit), (22 bytes).
    Removing stm32f10x_gpio.o(i.GPIO_DeInit), (160 bytes).
    Removing stm32f10x_gpio.o(i.GPIO_EventOutputCmd), (12 bytes).
    Removing stm32f10x_gpio.o(i.GPIO_EventOutputConfig), (28 bytes).
    Removing stm32f10x_gpio.o(i.GPIO_PinLockConfig), (16 bytes).
    Removing stm32f10x_gpio.o(i.GPIO_PinRemapConfig), (72 bytes).
    Removing stm32f10x_gpio.o(i.GPIO_ReadInputData), (6 bytes).
    Removing stm32f10x_gpio.o(i.GPIO_ReadInputDataBit), (14 bytes).
    Removing stm32f10x_gpio.o(i.GPIO_ReadOutputData), (6 bytes).
    Removing stm32f10x_gpio.o(i.GPIO_ReadOutputDataBit), (14 bytes).
    Removing stm32f10x_gpio.o(i.GPIO_StructInit), (16 bytes).
    Removing stm32f10x_gpio.o(i.GPIO_Write), (4 bytes).
    Removing stm32f10x_gpio.o(i.GPIO_WriteBit), (10 bytes).
    Removing misc.o(i.NVIC_SystemLPConfig), (24 bytes).
    Removing misc.o(i.SysTick_CLKSourceConfig), (24 bytes).
    Removing stm32f10x_bkp.o(i.BKP_ClearFlag), (16 bytes).
    Removing stm32f10x_bkp.o(i.BKP_ClearITPendingBit), (16 bytes).
    Removing stm32f10x_bkp.o(i.BKP_GetFlagStatus), (12 bytes).
    Removing stm32f10x_bkp.o(i.BKP_GetITStatus), (12 bytes).
    Removing stm32f10x_bkp.o(i.BKP_ITConfig), (12 bytes).
    Removing stm32f10x_bkp.o(i.BKP_RTCOutputConfig), (20 bytes).
    Removing stm32f10x_bkp.o(i.BKP_SetRTCCalibrationValue), (20 bytes).
    Removing stm32f10x_bkp.o(i.BKP_TamperPinCmd), (12 bytes).
    Removing stm32f10x_bkp.o(i.BKP_TamperPinLevelConfig), (12 bytes).
    Removing stm32f10x_crc.o(i.CRC_CalcBlockCRC), (28 bytes).
    Removing stm32f10x_crc.o(i.CRC_CalcCRC), (12 bytes).
    Removing stm32f10x_crc.o(i.CRC_GetCRC), (12 bytes).
    Removing stm32f10x_crc.o(i.CRC_GetIDRegister), (12 bytes).
    Removing stm32f10x_crc.o(i.CRC_ResetDR), (12 bytes).
    Removing stm32f10x_crc.o(i.CRC_SetIDRegister), (12 bytes).
    Removing stm32f10x_exti.o(i.EXTI_ClearFlag), (12 bytes).
    Removing stm32f10x_exti.o(i.EXTI_DeInit), (28 bytes).
    Removing stm32f10x_exti.o(i.EXTI_GenerateSWInterrupt), (16 bytes).
    Removing stm32f10x_exti.o(i.EXTI_GetFlagStatus), (20 bytes).
    Removing stm32f10x_exti.o(i.EXTI_StructInit), (14 bytes).
    Removing stm32f10x_flash.o(i.FLASH_ClearFlag), (12 bytes).
    Removing stm32f10x_flash.o(i.FLASH_EnableWriteProtection), (168 bytes).
    Removing stm32f10x_flash.o(i.FLASH_EraseAllPages), (60 bytes).
    Removing stm32f10x_flash.o(i.FLASH_EraseOptionBytes), (116 bytes).
    Removing stm32f10x_flash.o(i.FLASH_ErasePage), (64 bytes).
    Removing stm32f10x_flash.o(i.FLASH_GetFlagStatus), (32 bytes).
    Removing stm32f10x_flash.o(i.FLASH_GetPrefetchBufferStatus), (20 bytes).
    Removing stm32f10x_flash.o(i.FLASH_GetReadOutProtectionStatus), (20 bytes).
    Removing stm32f10x_flash.o(i.FLASH_GetStatus), (40 bytes).
    Removing stm32f10x_flash.o(i.FLASH_GetUserOptionByte), (12 bytes).
    Removing stm32f10x_flash.o(i.FLASH_GetWriteProtectionOptionByte), (12 bytes).
    Removing stm32f10x_flash.o(i.FLASH_HalfCycleAccessCmd), (24 bytes).
    Removing stm32f10x_flash.o(i.FLASH_ITConfig), (24 bytes).
    Removing stm32f10x_flash.o(i.FLASH_Lock), (16 bytes).
    Removing stm32f10x_flash.o(i.FLASH_ProgramHalfWord), (56 bytes).
    Removing stm32f10x_flash.o(i.FLASH_ProgramOptionByteData), (72 bytes).
    Removing stm32f10x_flash.o(i.FLASH_ProgramWord), (68 bytes).
    Removing stm32f10x_flash.o(i.FLASH_ReadOutProtection), (136 bytes).
    Removing stm32f10x_flash.o(i.FLASH_Unlock), (24 bytes).
    Removing stm32f10x_flash.o(i.FLASH_UserOptionByteConfig), (88 bytes).
    Removing stm32f10x_flash.o(i.FLASH_WaitForLastOperation), (40 bytes).
    Removing stm32f10x_fsmc.o(i.FSMC_ClearFlag), (36 bytes).
    Removing stm32f10x_fsmc.o(i.FSMC_ClearITPendingBit), (40 bytes).
    Removing stm32f10x_fsmc.o(i.FSMC_GetECC), (18 bytes).
    Removing stm32f10x_fsmc.o(i.FSMC_GetFlagStatus), (40 bytes).
    Removing stm32f10x_fsmc.o(i.FSMC_GetITStatus), (48 bytes).
    Removing stm32f10x_fsmc.o(i.FSMC_ITConfig), (68 bytes).
    Removing stm32f10x_fsmc.o(i.FSMC_NANDCmd), (56 bytes).
    Removing stm32f10x_fsmc.o(i.FSMC_NANDDeInit), (40 bytes).
    Removing stm32f10x_fsmc.o(i.FSMC_NANDECCCmd), (56 bytes).
    Removing stm32f10x_fsmc.o(i.FSMC_NANDInit), (100 bytes).
    Removing stm32f10x_fsmc.o(i.FSMC_NANDStructInit), (54 bytes).
    Removing stm32f10x_fsmc.o(i.FSMC_NORSRAMDeInit), (36 bytes).
    Removing stm32f10x_fsmc.o(i.FSMC_NORSRAMStructInit), (96 bytes).
    Removing stm32f10x_fsmc.o(i.FSMC_PCCARDCmd), (32 bytes).
    Removing stm32f10x_fsmc.o(i.FSMC_PCCARDDeInit), (28 bytes).
    Removing stm32f10x_fsmc.o(i.FSMC_PCCARDInit), (100 bytes).
    Removing stm32f10x_fsmc.o(i.FSMC_PCCARDStructInit), (60 bytes).
    Removing stm32f10x_pwr.o(i.PWR_ClearFlag), (16 bytes).
    Removing stm32f10x_pwr.o(i.PWR_DeInit), (24 bytes).
    Removing stm32f10x_pwr.o(i.PWR_EnterSTANDBYMode), (40 bytes).
    Removing stm32f10x_pwr.o(i.PWR_EnterSTOPMode), (44 bytes).
    Removing stm32f10x_pwr.o(i.PWR_GetFlagStatus), (20 bytes).
    Removing stm32f10x_pwr.o(i.PWR_PVDCmd), (12 bytes).
    Removing stm32f10x_pwr.o(i.PWR_PVDLevelConfig), (20 bytes).
    Removing stm32f10x_pwr.o(i.PWR_WakeUpPinCmd), (12 bytes).
    Removing stm32f10x_rtc.o(i.RTC_ClearFlag), (16 bytes).
    Removing stm32f10x_rtc.o(i.RTC_GetDivider), (20 bytes).
    Removing stm32f10x_rtc.o(i.RTC_GetFlagStatus), (20 bytes).
    Removing stm32f10x_rtc.o(i.RTC_SetAlarm), (28 bytes).
    Removing stm32f10x_sdio.o(i.SDIO_CEATAITCmd), (16 bytes).
    Removing stm32f10x_sdio.o(i.SDIO_ClearFlag), (12 bytes).
    Removing stm32f10x_sdio.o(i.SDIO_ClearITPendingBit), (12 bytes).
    Removing stm32f10x_sdio.o(i.SDIO_ClockCmd), (12 bytes).
    Removing stm32f10x_sdio.o(i.SDIO_CmdStructInit), (14 bytes).
    Removing stm32f10x_sdio.o(i.SDIO_CommandCompletionCmd), (12 bytes).
    Removing stm32f10x_sdio.o(i.SDIO_DMACmd), (12 bytes).
    Removing stm32f10x_sdio.o(i.SDIO_DataConfig), (44 bytes).
    Removing stm32f10x_sdio.o(i.SDIO_DataStructInit), (20 bytes).
    Removing stm32f10x_sdio.o(i.SDIO_DeInit), (36 bytes).
    Removing stm32f10x_sdio.o(i.SDIO_GetCommandResponse), (12 bytes).
    Removing stm32f10x_sdio.o(i.SDIO_GetDataCounter), (12 bytes).
    Removing stm32f10x_sdio.o(i.SDIO_GetFIFOCount), (12 bytes).
    Removing stm32f10x_sdio.o(i.SDIO_GetFlagStatus), (20 bytes).
    Removing stm32f10x_sdio.o(i.SDIO_GetITStatus), (20 bytes).
    Removing stm32f10x_sdio.o(i.SDIO_GetPowerState), (16 bytes).
    Removing stm32f10x_sdio.o(i.SDIO_GetResponse), (12 bytes).
    Removing stm32f10x_sdio.o(i.SDIO_ITConfig), (24 bytes).
    Removing stm32f10x_sdio.o(i.SDIO_Init), (44 bytes).
    Removing stm32f10x_sdio.o(i.SDIO_ReadData), (12 bytes).
    Removing stm32f10x_sdio.o(i.SDIO_SendCEATACmd), (12 bytes).
    Removing stm32f10x_sdio.o(i.SDIO_SendCommand), (40 bytes).
    Removing stm32f10x_sdio.o(i.SDIO_SendSDIOSuspendCmd), (12 bytes).
    Removing stm32f10x_sdio.o(i.SDIO_SetPowerState), (24 bytes).
    Removing stm32f10x_sdio.o(i.SDIO_SetSDIOOperation), (12 bytes).
    Removing stm32f10x_sdio.o(i.SDIO_SetSDIOReadWaitMode), (12 bytes).
    Removing stm32f10x_sdio.o(i.SDIO_StartSDIOReadWait), (12 bytes).
    Removing stm32f10x_sdio.o(i.SDIO_StopSDIOReadWait), (12 bytes).
    Removing stm32f10x_sdio.o(i.SDIO_StructInit), (16 bytes).
    Removing stm32f10x_sdio.o(i.SDIO_WriteData), (12 bytes).
    Removing stm32f10x_spi.o(i.I2S_Cmd), (20 bytes).
    Removing stm32f10x_spi.o(i.I2S_Init), (152 bytes).
    Removing stm32f10x_spi.o(i.I2S_StructInit), (18 bytes).
    Removing stm32f10x_spi.o(i.SPI_BiDirectionalLineConfig), (22 bytes).
    Removing stm32f10x_spi.o(i.SPI_CalculateCRC), (20 bytes).
    Removing stm32f10x_spi.o(i.SPI_Cmd), (20 bytes).
    Removing stm32f10x_spi.o(i.SPI_DataSizeConfig), (16 bytes).
    Removing stm32f10x_spi.o(i.SPI_GetCRC), (12 bytes).
    Removing stm32f10x_spi.o(i.SPI_GetCRCPolynomial), (4 bytes).
    Removing stm32f10x_spi.o(i.SPI_I2S_ClearFlag), (6 bytes).
    Removing stm32f10x_spi.o(i.SPI_I2S_ClearITPendingBit), (14 bytes).
    Removing stm32f10x_spi.o(i.SPI_I2S_DMACmd), (16 bytes).
    Removing stm32f10x_spi.o(i.SPI_I2S_DeInit), (76 bytes).
    Removing stm32f10x_spi.o(i.SPI_I2S_GetFlagStatus), (14 bytes).
    Removing stm32f10x_spi.o(i.SPI_I2S_GetITStatus), (44 bytes).
    Removing stm32f10x_spi.o(i.SPI_I2S_ITConfig), (24 bytes).
    Removing stm32f10x_spi.o(i.SPI_I2S_ReceiveData), (4 bytes).
    Removing stm32f10x_spi.o(i.SPI_I2S_SendData), (4 bytes).
    Removing stm32f10x_spi.o(i.SPI_Init), (56 bytes).
    Removing stm32f10x_spi.o(i.SPI_NSSInternalSoftwareConfig), (24 bytes).
    Removing stm32f10x_spi.o(i.SPI_SSOutputCmd), (20 bytes).
    Removing stm32f10x_spi.o(i.SPI_StructInit), (24 bytes).
    Removing stm32f10x_spi.o(i.SPI_TransmitCRC), (10 bytes).
    Removing stm32f10x_tim.o(i.TI1_Config), (40 bytes).
    Removing stm32f10x_tim.o(i.TI2_Config), (44 bytes).
    Removing stm32f10x_tim.o(i.TIM_ARRPreloadConfig), (22 bytes).
    Removing stm32f10x_tim.o(i.TIM_BDTRConfig), (34 bytes).
    Removing stm32f10x_tim.o(i.TIM_BDTRStructInit), (18 bytes).
    Removing stm32f10x_tim.o(i.TIM_CCPreloadControl), (20 bytes).
    Removing stm32f10x_tim.o(i.TIM_CCxCmd), (22 bytes).
    Removing stm32f10x_tim.o(i.TIM_CCxNCmd), (22 bytes).
    Removing stm32f10x_tim.o(i.TIM_ClearOC1Ref), (12 bytes).
    Removing stm32f10x_tim.o(i.TIM_ClearOC2Ref), (14 bytes).
    Removing stm32f10x_tim.o(i.TIM_ClearOC3Ref), (12 bytes).
    Removing stm32f10x_tim.o(i.TIM_ClearOC4Ref), (14 bytes).
    Removing stm32f10x_tim.o(i.TIM_CounterModeConfig), (14 bytes).
    Removing stm32f10x_tim.o(i.TIM_CtrlPWMOutputs), (22 bytes).
    Removing stm32f10x_tim.o(i.TIM_DMACmd), (16 bytes).
    Removing stm32f10x_tim.o(i.TIM_DMAConfig), (8 bytes).
    Removing stm32f10x_tim.o(i.TIM_ETRClockMode1Config), (18 bytes).
    Removing stm32f10x_tim.o(i.TIM_ETRClockMode2Config), (18 bytes).
    Removing stm32f10x_tim.o(i.TIM_ETRConfig), (18 bytes).
    Removing stm32f10x_tim.o(i.TIM_EncoderInterfaceConfig), (44 bytes).
    Removing stm32f10x_tim.o(i.TIM_ForcedOC1Config), (12 bytes).
    Removing stm32f10x_tim.o(i.TIM_ForcedOC2Config), (14 bytes).
    Removing stm32f10x_tim.o(i.TIM_ForcedOC3Config), (12 bytes).
    Removing stm32f10x_tim.o(i.TIM_ForcedOC4Config), (14 bytes).
    Removing stm32f10x_tim.o(i.TIM_GenerateEvent), (4 bytes).
    Removing stm32f10x_tim.o(i.TIM_GetCapture1), (4 bytes).
    Removing stm32f10x_tim.o(i.TIM_GetCapture2), (4 bytes).
    Removing stm32f10x_tim.o(i.TIM_GetCapture3), (4 bytes).
    Removing stm32f10x_tim.o(i.TIM_GetCapture4), (6 bytes).
    Removing stm32f10x_tim.o(i.TIM_GetCounter), (4 bytes).
    Removing stm32f10x_tim.o(i.TIM_GetFlagStatus), (14 bytes).
    Removing stm32f10x_tim.o(i.TIM_GetPrescaler), (4 bytes).
    Removing stm32f10x_tim.o(i.TIM_ICInit), (160 bytes).
    Removing stm32f10x_tim.o(i.TIM_ICStructInit), (16 bytes).
    Removing stm32f10x_tim.o(i.TIM_ITRxExternalClockConfig), (20 bytes).
    Removing stm32f10x_tim.o(i.TIM_InternalClockConfig), (10 bytes).
    Removing stm32f10x_tim.o(i.TIM_OC1FastConfig), (12 bytes).
    Removing stm32f10x_tim.o(i.TIM_OC1Init), (96 bytes).
    Removing stm32f10x_tim.o(i.TIM_OC1NPolarityConfig), (12 bytes).
    Removing stm32f10x_tim.o(i.TIM_OC1PolarityConfig), (12 bytes).
    Removing stm32f10x_tim.o(i.TIM_OC1PreloadConfig), (12 bytes).
    Removing stm32f10x_tim.o(i.TIM_OC2FastConfig), (14 bytes).
    Removing stm32f10x_tim.o(i.TIM_OC2Init), (124 bytes).
    Removing stm32f10x_tim.o(i.TIM_OC2NPolarityConfig), (14 bytes).
    Removing stm32f10x_tim.o(i.TIM_OC2PolarityConfig), (14 bytes).
    Removing stm32f10x_tim.o(i.TIM_OC2PreloadConfig), (14 bytes).
    Removing stm32f10x_tim.o(i.TIM_OC3FastConfig), (12 bytes).
    Removing stm32f10x_tim.o(i.TIM_OC3Init), (120 bytes).
    Removing stm32f10x_tim.o(i.TIM_OC3NPolarityConfig), (14 bytes).
    Removing stm32f10x_tim.o(i.TIM_OC3PolarityConfig), (14 bytes).
    Removing stm32f10x_tim.o(i.TIM_OC3PreloadConfig), (12 bytes).
    Removing stm32f10x_tim.o(i.TIM_OC4FastConfig), (14 bytes).
    Removing stm32f10x_tim.o(i.TIM_OC4Init), (96 bytes).
    Removing stm32f10x_tim.o(i.TIM_OC4PolarityConfig), (14 bytes).
    Removing stm32f10x_tim.o(i.TIM_OC4PreloadConfig), (14 bytes).
    Removing stm32f10x_tim.o(i.TIM_OCStructInit), (20 bytes).
    Removing stm32f10x_tim.o(i.TIM_PWMIConfig), (108 bytes).
    Removing stm32f10x_tim.o(i.TIM_PrescalerConfig), (6 bytes).
    Removing stm32f10x_tim.o(i.TIM_SelectCCDMA), (20 bytes).
    Removing stm32f10x_tim.o(i.TIM_SelectCOM), (20 bytes).
    Removing stm32f10x_tim.o(i.TIM_SelectHallSensor), (20 bytes).
    Removing stm32f10x_tim.o(i.TIM_SelectInputTrigger), (12 bytes).
    Removing stm32f10x_tim.o(i.TIM_SelectMasterSlaveMode), (16 bytes).
    Removing stm32f10x_tim.o(i.TIM_SelectOCxM), (66 bytes).
    Removing stm32f10x_tim.o(i.TIM_SelectOnePulseMode), (18 bytes).
    Removing stm32f10x_tim.o(i.TIM_SelectOutputTrigger), (16 bytes).
    Removing stm32f10x_tim.o(i.TIM_SelectSlaveMode), (16 bytes).
    Removing stm32f10x_tim.o(i.TIM_SetAutoreload), (4 bytes).
    Removing stm32f10x_tim.o(i.TIM_SetClockDivision), (14 bytes).
    Removing stm32f10x_tim.o(i.TIM_SetCompare1), (4 bytes).
    Removing stm32f10x_tim.o(i.TIM_SetCompare2), (4 bytes).
    Removing stm32f10x_tim.o(i.TIM_SetCompare3), (4 bytes).
    Removing stm32f10x_tim.o(i.TIM_SetCompare4), (6 bytes).
    Removing stm32f10x_tim.o(i.TIM_SetCounter), (4 bytes).
    Removing stm32f10x_tim.o(i.TIM_SetIC1Prescaler), (16 bytes).
    Removing stm32f10x_tim.o(i.TIM_SetIC2Prescaler), (18 bytes).
    Removing stm32f10x_tim.o(i.TIM_SetIC3Prescaler), (16 bytes).
    Removing stm32f10x_tim.o(i.TIM_SetIC4Prescaler), (18 bytes).
    Removing stm32f10x_tim.o(i.TIM_TIxExternalClockConfig), (46 bytes).
    Removing stm32f10x_tim.o(i.TIM_TimeBaseStructInit), (18 bytes).
    Removing stm32f10x_tim.o(i.TIM_UpdateDisableConfig), (22 bytes).
    Removing stm32f10x_tim.o(i.TIM_UpdateRequestConfig), (22 bytes).
    Removing stm32f10x_usart.o(i.USART_ClearFlag), (6 bytes).
    Removing stm32f10x_usart.o(i.USART_ClearITPendingBit), (12 bytes).
    Removing stm32f10x_usart.o(i.USART_ClockStructInit), (12 bytes).
    Removing stm32f10x_usart.o(i.USART_DMACmd), (16 bytes).
    Removing stm32f10x_usart.o(i.USART_DeInit), (108 bytes).
    Removing stm32f10x_usart.o(i.USART_GetITStatus), (62 bytes).
    Removing stm32f10x_usart.o(i.USART_HalfDuplexCmd), (20 bytes).
    Removing stm32f10x_usart.o(i.USART_ITConfig), (48 bytes).
    Removing stm32f10x_usart.o(i.USART_IrDACmd), (20 bytes).
    Removing stm32f10x_usart.o(i.USART_IrDAConfig), (16 bytes).
    Removing stm32f10x_usart.o(i.USART_LINBreakDetectLengthConfig), (16 bytes).
    Removing stm32f10x_usart.o(i.USART_LINCmd), (20 bytes).
    Removing stm32f10x_usart.o(i.USART_ReceiverWakeUpCmd), (20 bytes).
    Removing stm32f10x_usart.o(i.USART_SendBreak), (10 bytes).
    Removing stm32f10x_usart.o(i.USART_SetAddress), (16 bytes).
    Removing stm32f10x_usart.o(i.USART_SetGuardTime), (16 bytes).
    Removing stm32f10x_usart.o(i.USART_SetPrescaler), (16 bytes).
    Removing stm32f10x_usart.o(i.USART_SmartCardCmd), (20 bytes).
    Removing stm32f10x_usart.o(i.USART_SmartCardNACKCmd), (20 bytes).
    Removing stm32f10x_usart.o(i.USART_StructInit), (22 bytes).
    Removing stm32f10x_usart.o(i.USART_WakeUpConfig), (16 bytes).
    Removing stm32f10x_wwdg.o(i.WWDG_ClearFlag), (12 bytes).
    Removing stm32f10x_wwdg.o(i.WWDG_DeInit), (24 bytes).
    Removing stm32f10x_wwdg.o(i.WWDG_Enable), (16 bytes).
    Removing stm32f10x_wwdg.o(i.WWDG_EnableIT), (12 bytes).
    Removing stm32f10x_wwdg.o(i.WWDG_GetFlagStatus), (12 bytes).
    Removing stm32f10x_wwdg.o(i.WWDG_SetCounter), (16 bytes).
    Removing stm32f10x_wwdg.o(i.WWDG_SetPrescaler), (20 bytes).
    Removing stm32f10x_wwdg.o(i.WWDG_SetWindowValue), (24 bytes).
    Removing system_stm32f10x.o(i.SetSysClockTo72), (148 bytes).
    Removing system_stm32f10x.o(i.SystemInit), (64 bytes).
    Removing system_stm32f10x.o(.constdata), (4 bytes).
    Removing system_stm32f10x.o(.constdata), (4 bytes).
    Removing system_stm32f10x.o(.constdata), (4 bytes).
    Removing system_stm32f10x.o(.constdata), (4 bytes).
    Removing system_stm32f10x.o(.constdata), (4 bytes).
    Removing core_cm3.o(.emb_text), (32 bytes).
    Removing startup_stm32f10x_hd.o(HEAP), (0 bytes).

312 unused section(s) (total 9775 bytes) removed from the image.

==============================================================================

Image Symbol Table

    Local Symbols

    Symbol Name                              Value     Ov Type        Size  Object(Section)

    ../../microlib/d2f.c                     0x00000000   Number         0  d2f.o ABSOLUTE
    ../../microlib/division.c                0x00000000   Number         0  uidiv.o ABSOLUTE
    ../../microlib/division.c                0x00000000   Number         0  uldiv.o ABSOLUTE
    ../../microlib/f2d.c                     0x00000000   Number         0  f2d.o ABSOLUTE
    ../../microlib/fpadd.c                   0x00000000   Number         0  fadd.o ABSOLUTE
    ../../microlib/fpadd.c                   0x00000000   Number         0  dadd.o ABSOLUTE
    ../../microlib/fpdiv.c                   0x00000000   Number         0  ddiv.o ABSOLUTE
    ../../microlib/fpepilogue.c              0x00000000   Number         0  depilogue.o ABSOLUTE
    ../../microlib/fpepilogue.c              0x00000000   Number         0  fepilogue.o ABSOLUTE
    ../../microlib/fpfix.c                   0x00000000   Number         0  ffixi.o ABSOLUTE
    ../../microlib/fpfix.c                   0x00000000   Number         0  dfixul.o ABSOLUTE
    ../../microlib/fpflt.c                   0x00000000   Number         0  fflti.o ABSOLUTE
    ../../microlib/fpmul.c                   0x00000000   Number         0  dmul.o ABSOLUTE
    ../../microlib/fpmul.c                   0x00000000   Number         0  fmul.o ABSOLUTE
    ../../microlib/fpscalb.c                 0x00000000   Number         0  fscalb.o ABSOLUTE
    ../../microlib/init/entry.s              0x00000000   Number         0  entry2.o ABSOLUTE
    ../../microlib/init/entry.s              0x00000000   Number         0  entry7.o ABSOLUTE
    ../../microlib/init/entry.s              0x00000000   Number         0  entry.o ABSOLUTE
    ../../microlib/init/entry.s              0x00000000   Number         0  entry5.o ABSOLUTE
    ../../microlib/longlong.c                0x00000000   Number         0  llshl.o ABSOLUTE
    ../../microlib/longlong.c                0x00000000   Number         0  llushr.o ABSOLUTE
    ../../microlib/printf/printf.c           0x00000000   Number         0  printf4.o ABSOLUTE
    ../../microlib/printf/printf.c           0x00000000   Number         0  printf7.o ABSOLUTE
    ../../microlib/printf/printf.c           0x00000000   Number         0  printfb.o ABSOLUTE
    ../../microlib/printf/printf.c           0x00000000   Number         0  printf0.o ABSOLUTE
    ../../microlib/printf/printf.c           0x00000000   Number         0  printf1.o ABSOLUTE
    ../../microlib/printf/printf.c           0x00000000   Number         0  printf3.o ABSOLUTE
    ../../microlib/printf/printf.c           0x00000000   Number         0  printf2.o ABSOLUTE
    ../../microlib/printf/printf.c           0x00000000   Number         0  printfa.o ABSOLUTE
    ../../microlib/printf/printf.c           0x00000000   Number         0  printf5.o ABSOLUTE
    ../../microlib/printf/printf.c           0x00000000   Number         0  printf6.o ABSOLUTE
    ../../microlib/printf/printf.c           0x00000000   Number         0  printf8.o ABSOLUTE
    ../../microlib/printf/stubs.s            0x00000000   Number         0  stubs.o ABSOLUTE
    ../../microlib/stdio/streams.c           0x00000000   Number         0  stdout.o ABSOLUTE
    ../../microlib/stubs.s                   0x00000000   Number         0  iusefp.o ABSOLUTE
    ..\..\..\Libraries\CMSIS\Core\CM3\core_cm3.c 0x00000000   Number         0  core_cm3.o ABSOLUTE
    ..\..\..\Libraries\CMSIS\Core\CM3\startup\arm\startup_stm32f10x_hd.s 0x00000000   Number         0  startup_stm32f10x_hd.o ABSOLUTE
    ..\..\..\Libraries\CMSIS\Core\CM3\system_stm32f10x.c 0x00000000   Number         0  system_stm32f10x.o ABSOLUTE
    ..\..\..\Libraries\STM32F10x_StdPeriph_Driver\src\misc.c 0x00000000   Number         0  misc.o ABSOLUTE
    ..\..\..\Libraries\STM32F10x_StdPeriph_Driver\src\stm32f10x_bkp.c 0x00000000   Number         0  stm32f10x_bkp.o ABSOLUTE
    ..\..\..\Libraries\STM32F10x_StdPeriph_Driver\src\stm32f10x_crc.c 0x00000000   Number         0  stm32f10x_crc.o ABSOLUTE
    ..\..\..\Libraries\STM32F10x_StdPeriph_Driver\src\stm32f10x_exti.c 0x00000000   Number         0  stm32f10x_exti.o ABSOLUTE
    ..\..\..\Libraries\STM32F10x_StdPeriph_Driver\src\stm32f10x_flash.c 0x00000000   Number         0  stm32f10x_flash.o ABSOLUTE
    ..\..\..\Libraries\STM32F10x_StdPeriph_Driver\src\stm32f10x_fsmc.c 0x00000000   Number         0  stm32f10x_fsmc.o ABSOLUTE
    ..\..\..\Libraries\STM32F10x_StdPeriph_Driver\src\stm32f10x_gpio.c 0x00000000   Number         0  stm32f10x_gpio.o ABSOLUTE
    ..\..\..\Libraries\STM32F10x_StdPeriph_Driver\src\stm32f10x_pwr.c 0x00000000   Number         0  stm32f10x_pwr.o ABSOLUTE
    ..\..\..\Libraries\STM32F10x_StdPeriph_Driver\src\stm32f10x_rcc.c 0x00000000   Number         0  stm32f10x_rcc.o ABSOLUTE
    ..\..\..\Libraries\STM32F10x_StdPeriph_Driver\src\stm32f10x_rtc.c 0x00000000   Number         0  stm32f10x_rtc.o ABSOLUTE
    ..\..\..\Libraries\STM32F10x_StdPeriph_Driver\src\stm32f10x_sdio.c 0x00000000   Number         0  stm32f10x_sdio.o ABSOLUTE
    ..\..\..\Libraries\STM32F10x_StdPeriph_Driver\src\stm32f10x_spi.c 0x00000000   Number         0  stm32f10x_spi.o ABSOLUTE
    ..\..\..\Libraries\STM32F10x_StdPeriph_Driver\src\stm32f10x_tim.c 0x00000000   Number         0  stm32f10x_tim.o ABSOLUTE
    ..\..\..\Libraries\STM32F10x_StdPeriph_Driver\src\stm32f10x_usart.c 0x00000000   Number         0  stm32f10x_usart.o ABSOLUTE
    ..\..\..\Libraries\STM32F10x_StdPeriph_Driver\src\stm32f10x_wwdg.c 0x00000000   Number         0  stm32f10x_wwdg.o ABSOLUTE
    ..\\..\\..\\Libraries\\CMSIS\\Core\\CM3\\core_cm3.c 0x00000000   Number         0  core_cm3.o ABSOLUTE
    ..\main.c                                0x00000000   Number         0  main.o ABSOLUTE
    Bill.c                                   0x00000000   Number         0  bill.o ABSOLUTE
    cdrcmple.s                               0x00000000   Number         0  cdrcmple.o ABSOLUTE
    dc.s                                     0x00000000   Number         0  dc.o ABSOLUTE
    handlers.s                               0x00000000   Number         0  handlers.o ABSOLUTE
    init.s                                   0x00000000   Number         0  init.o ABSOLUTE
    lcd.c                                    0x00000000   Number         0  lcd.o ABSOLUTE
    lcd_init.c                               0x00000000   Number         0  lcd_init.o ABSOLUTE
    rtc_init.c                               0x00000000   Number         0  rtc_init.o ABSOLUTE
    stm32f10x_it.c                           0x00000000   Number         0  stm32f10x_it.o ABSOLUTE
    RESET                                    0x08000000   Section      304  startup_stm32f10x_hd.o(RESET)
    .ARM.Collect$$$$00000000                 0x08000130   Section        0  entry.o(.ARM.Collect$$$$00000000)
    .ARM.Collect$$$$00000001                 0x08000130   Section        4  entry2.o(.ARM.Collect$$$$00000001)
    .ARM.Collect$$$$00000004                 0x08000134   Section        4  entry5.o(.ARM.Collect$$$$00000004)
    .ARM.Collect$$$$00000007                 0x08000138   Section        8  entry7.o(.ARM.Collect$$$$00000007)
    .ARM.Collect$$$$00002712                 0x08000140   Section        4  entry2.o(.ARM.Collect$$$$00002712)
    __lit__00000000                          0x08000140   Data           4  entry2.o(.ARM.Collect$$$$00002712)
    .text                                    0x08000144   Section       48  startup_stm32f10x_hd.o(.text)
    .text                                    0x08000174   Section      168  fadd.o(.text)
    _float_addcore                           0x08000175   Thumb Code   122  fadd.o(.text)
    .text                                    0x0800021c   Section      102  fmul.o(.text)
    .text                                    0x08000282   Section       10  fscalb.o(.text)
    .text                                    0x0800028c   Section      414  dadd.o(.text)
    _double_addcore                          0x0800028d   Thumb Code   270  dadd.o(.text)
    .text                                    0x0800042a   Section      232  dmul.o(.text)
    .text                                    0x08000512   Section      248  ddiv.o(.text)
    .text                                    0x0800060a   Section       20  fflti.o(.text)
    .text                                    0x0800061e   Section       50  ffixi.o(.text)
    .text                                    0x08000650   Section       36  f2d.o(.text)
    .text                                    0x08000674   Section       58  d2f.o(.text)
    .text                                    0x080006ae   Section       44  uidiv.o(.text)
    .text                                    0x080006da   Section       90  uldiv.o(.text)
    .text                                    0x08000734   Section       32  llshl.o(.text)
    .text                                    0x08000754   Section       30  llushr.o(.text)
    .text                                    0x08000772   Section        0  iusefp.o(.text)
    .text                                    0x08000772   Section       92  fepilogue.o(.text)
    .text                                    0x080007d0   Section      200  depilogue.o(.text)
    .text                                    0x08000898   Section       50  dfixul.o(.text)
    .text                                    0x080008cc   Section       76  cdrcmple.o(.text)
    .text                                    0x08000918   Section       36  init.o(.text)
    i.BKP_DeInit                             0x0800093c   Section       18  stm32f10x_bkp.o(i.BKP_DeInit)
    i.BKP_ReadBackupRegister                 0x08000950   Section       16  stm32f10x_bkp.o(i.BKP_ReadBackupRegister)
    i.BKP_WriteBackupRegister                0x08000960   Section       16  stm32f10x_bkp.o(i.BKP_WriteBackupRegister)
    i.BusFault_Handler                       0x08000970   Section        2  stm32f10x_it.o(i.BusFault_Handler)
    i.DebugMon_Handler                       0x08000972   Section        2  stm32f10x_it.o(i.DebugMon_Handler)
    i.Delay                                  0x08000974   Section       10  rtc_init.o(i.Delay)
    i.EXTI2_IRQHandler                       0x08000980   Section       72  stm32f10x_it.o(i.EXTI2_IRQHandler)
    i.EXTI3_IRQHandler                       0x080009c8   Section       64  stm32f10x_it.o(i.EXTI3_IRQHandler)
    i.EXTI_ClearITPendingBit                 0x08000a08   Section       12  stm32f10x_exti.o(i.EXTI_ClearITPendingBit)
    i.EXTI_Config                            0x08000a14   Section       60  main.o(i.EXTI_Config)
    i.EXTI_GetITStatus                       0x08000a50   Section       28  stm32f10x_exti.o(i.EXTI_GetITStatus)
    i.EXTI_Init                              0x08000a6c   Section      140  stm32f10x_exti.o(i.EXTI_Init)
    i.FLASH_PrefetchBufferCmd                0x08000af8   Section       24  stm32f10x_flash.o(i.FLASH_PrefetchBufferCmd)
    i.FLASH_SetLatency                       0x08000b10   Section       20  stm32f10x_flash.o(i.FLASH_SetLatency)
    i.FSMC_LCD_Init                          0x08000b24   Section       82  lcd_init.o(i.FSMC_LCD_Init)
    i.FSMC_NORSRAMCmd                        0x08000b78   Section       32  stm32f10x_fsmc.o(i.FSMC_NORSRAMCmd)
    i.FSMC_NORSRAMInit                       0x08000b98   Section      188  stm32f10x_fsmc.o(i.FSMC_NORSRAMInit)
    i.GPIO_Configuration                     0x08000c54   Section      192  rtc_init.o(i.GPIO_Configuration)
    i.GPIO_EXTILineConfig                    0x08000d14   Section       40  stm32f10x_gpio.o(i.GPIO_EXTILineConfig)
    i.GPIO_Init                              0x08000d3c   Section      158  stm32f10x_gpio.o(i.GPIO_Init)
    i.GPIO_ResetBits                         0x08000dda   Section        4  stm32f10x_gpio.o(i.GPIO_ResetBits)
    i.GPIO_SetBits                           0x08000dde   Section        4  stm32f10x_gpio.o(i.GPIO_SetBits)
    i.Get_Info                               0x08000de4   Section       80  bill.o(i.Get_Info)
    i.HardFault_Handler                      0x08000e34   Section        2  stm32f10x_it.o(i.HardFault_Handler)
    i.LCD_CtrlLinesConfig                    0x08000e38   Section      212  lcd.o(i.LCD_CtrlLinesConfig)
    i.LCD_Setup                              0x08000f0c   Section      564  lcd.o(i.LCD_Setup)
    i.LCD_WriteRAM_Prepare                   0x08001140   Section       10  lcd.o(i.LCD_WriteRAM_Prepare)
    i.LCD_WriteReg                           0x0800114c   Section       16  lcd.o(i.LCD_WriteReg)
    i.Logo                                   0x0800115c   Section       60  lcd.o(i.Logo)
    i.MemManage_Handler                      0x08001198   Section        2  stm32f10x_it.o(i.MemManage_Handler)
    i.NMI_Handler                            0x0800119a   Section        2  stm32f10x_it.o(i.NMI_Handler)
    i.NVIC_Configuration                     0x0800119c   Section      142  rtc_init.o(i.NVIC_Configuration)
    i.NVIC_Init                              0x0800122a   Section       92  misc.o(i.NVIC_Init)
    i.NVIC_PriorityGroupConfig               0x08001288   Section       20  misc.o(i.NVIC_PriorityGroupConfig)
    i.NVIC_SetVectorTable                    0x0800129c   Section       20  misc.o(i.NVIC_SetVectorTable)
    i.PWR_BackupAccessCmd                    0x080012b0   Section       12  stm32f10x_pwr.o(i.PWR_BackupAccessCmd)
    i.PendSV_Handler                         0x080012bc   Section        2  stm32f10x_it.o(i.PendSV_Handler)
    i.Print_Bill                             0x080012c0   Section      288  bill.o(i.Print_Bill)
    i.RCC_AHBPeriphClockCmd                  0x080013e0   Section       24  stm32f10x_rcc.o(i.RCC_AHBPeriphClockCmd)
    i.RCC_APB1PeriphClockCmd                 0x080013f8   Section       24  stm32f10x_rcc.o(i.RCC_APB1PeriphClockCmd)
    i.RCC_APB1PeriphResetCmd                 0x08001410   Section       24  stm32f10x_rcc.o(i.RCC_APB1PeriphResetCmd)
    i.RCC_APB2PeriphClockCmd                 0x08001428   Section       24  stm32f10x_rcc.o(i.RCC_APB2PeriphClockCmd)
    i.RCC_APB2PeriphResetCmd                 0x08001440   Section       24  stm32f10x_rcc.o(i.RCC_APB2PeriphResetCmd)
    i.RCC_BackupResetCmd                     0x08001458   Section       12  stm32f10x_rcc.o(i.RCC_BackupResetCmd)
    i.RCC_ClearFlag                          0x08001464   Section       16  stm32f10x_rcc.o(i.RCC_ClearFlag)
    i.RCC_Configuration                      0x08001474   Section      120  rtc_init.o(i.RCC_Configuration)
    i.RCC_DeInit                             0x080014ec   Section       60  stm32f10x_rcc.o(i.RCC_DeInit)
    i.RCC_GetClocksFreq                      0x08001528   Section      148  stm32f10x_rcc.o(i.RCC_GetClocksFreq)
    i.RCC_GetFlagStatus                      0x080015bc   Section       48  stm32f10x_rcc.o(i.RCC_GetFlagStatus)
    i.RCC_GetSYSCLKSource                    0x080015ec   Section       16  stm32f10x_rcc.o(i.RCC_GetSYSCLKSource)
    i.RCC_HCLKConfig                         0x080015fc   Section       20  stm32f10x_rcc.o(i.RCC_HCLKConfig)
    i.RCC_HSEConfig                          0x08001610   Section       52  stm32f10x_rcc.o(i.RCC_HSEConfig)
    i.RCC_LSEConfig                          0x08001644   Section       32  stm32f10x_rcc.o(i.RCC_LSEConfig)
    i.RCC_PCLK1Config                        0x08001664   Section       20  stm32f10x_rcc.o(i.RCC_PCLK1Config)
    i.RCC_PCLK2Config                        0x08001678   Section       20  stm32f10x_rcc.o(i.RCC_PCLK2Config)
    i.RCC_PLLCmd                             0x0800168c   Section       12  stm32f10x_rcc.o(i.RCC_PLLCmd)
    i.RCC_PLLConfig                          0x08001698   Section       20  stm32f10x_rcc.o(i.RCC_PLLConfig)
    i.RCC_RTCCLKCmd                          0x080016ac   Section       12  stm32f10x_rcc.o(i.RCC_RTCCLKCmd)
    i.RCC_RTCCLKConfig                       0x080016b8   Section       16  stm32f10x_rcc.o(i.RCC_RTCCLKConfig)
    i.RCC_SYSCLKConfig                       0x080016c8   Section       20  stm32f10x_rcc.o(i.RCC_SYSCLKConfig)
    i.RCC_WaitForHSEStartUp                  0x080016dc   Section       36  stm32f10x_rcc.o(i.RCC_WaitForHSEStartUp)
    i.RTC_ClearITPendingBit                  0x08001700   Section       16  stm32f10x_rtc.o(i.RTC_ClearITPendingBit)
    i.RTC_Configuration                      0x08001710   Section       88  rtc_init.o(i.RTC_Configuration)
    i.RTC_EnterConfigMode                    0x08001768   Section       16  stm32f10x_rtc.o(i.RTC_EnterConfigMode)
    i.RTC_ExitConfigMode                     0x08001778   Section       16  stm32f10x_rtc.o(i.RTC_ExitConfigMode)
    i.RTC_GO                                 0x08001788   Section      128  rtc_init.o(i.RTC_GO)
    i.RTC_GetCounter                         0x08001808   Section       16  stm32f10x_rtc.o(i.RTC_GetCounter)
    i.RTC_GetITStatus                        0x08001818   Section       28  stm32f10x_rtc.o(i.RTC_GetITStatus)
    i.RTC_IRQHandler                         0x08001834   Section       68  stm32f10x_it.o(i.RTC_IRQHandler)
    i.RTC_ITConfig                           0x08001878   Section       28  stm32f10x_rtc.o(i.RTC_ITConfig)
    i.RTC_Init                               0x08001894   Section      148  rtc_init.o(i.RTC_Init)
    i.RTC_SetCounter                         0x08001928   Section       28  stm32f10x_rtc.o(i.RTC_SetCounter)
    i.RTC_SetPrescaler                       0x08001944   Section       32  stm32f10x_rtc.o(i.RTC_SetPrescaler)
    i.RTC_WaitForLastTask                    0x08001964   Section       20  stm32f10x_rtc.o(i.RTC_WaitForLastTask)
    i.RTC_WaitForSynchro                     0x08001978   Section       32  stm32f10x_rtc.o(i.RTC_WaitForSynchro)
    i.SVC_Handler                            0x08001998   Section        2  stm32f10x_it.o(i.SVC_Handler)
    i.SysTick_Handler                        0x0800199a   Section        2  stm32f10x_it.o(i.SysTick_Handler)
    i.TIM2_IRQHandler                        0x0800199c   Section      120  stm32f10x_it.o(i.TIM2_IRQHandler)
    i.TIM_ClearFlag                          0x08001a14   Section        6  stm32f10x_tim.o(i.TIM_ClearFlag)
    i.TIM_ClearITPendingBit                  0x08001a1a   Section        6  stm32f10x_tim.o(i.TIM_ClearITPendingBit)
    i.TIM_Cmd                                0x08001a20   Section       22  stm32f10x_tim.o(i.TIM_Cmd)
    i.TIM_DeInit                             0x08001a38   Section      180  stm32f10x_tim.o(i.TIM_DeInit)
    i.TIM_GetITStatus                        0x08001aec   Section       24  stm32f10x_tim.o(i.TIM_GetITStatus)
    i.TIM_ITConfig                           0x08001b04   Section       16  stm32f10x_tim.o(i.TIM_ITConfig)
    i.TIM_TimeBaseInit                       0x08001b14   Section       60  stm32f10x_tim.o(i.TIM_TimeBaseInit)
    i.Time_Regulate                          0x08001b50   Section      260  rtc_init.o(i.Time_Regulate)
    i.Timer_Config                           0x08001c54   Section       84  main.o(i.Timer_Config)
    i.USART_ClockInit                        0x08001ca8   Section       30  stm32f10x_usart.o(i.USART_ClockInit)
    i.USART_Cmd                              0x08001cc6   Section       20  stm32f10x_usart.o(i.USART_Cmd)
    i.USART_Configuration                    0x08001cdc   Section       88  rtc_init.o(i.USART_Configuration)
    i.USART_GetFlagStatus                    0x08001d34   Section       14  stm32f10x_usart.o(i.USART_GetFlagStatus)
    i.USART_Init                             0x08001d44   Section      140  stm32f10x_usart.o(i.USART_Init)
    i.USART_ReceiveData                      0x08001dd0   Section        8  stm32f10x_usart.o(i.USART_ReceiveData)
    i.USART_Scanf                            0x08001dd8   Section      208  rtc_init.o(i.USART_Scanf)
    i.USART_SendData                         0x08001ea8   Section        8  stm32f10x_usart.o(i.USART_SendData)
    i.UsageFault_Handler                     0x08001eb0   Section        2  stm32f10x_it.o(i.UsageFault_Handler)
    i.Wel_Logo                               0x08001eb2   Section       48  lcd.o(i.Wel_Logo)
    i.__0printf                              0x08001ee4   Section       32  printfa.o(i.__0printf)
    i.__0sprintf                             0x08001f04   Section       40  printfa.o(i.__0sprintf)
    i.__scatterload_copy                     0x08001f2c   Section       14  handlers.o(i.__scatterload_copy)
    i.__scatterload_null                     0x08001f3a   Section        2  handlers.o(i.__scatterload_null)
    i.__scatterload_zeroinit                 0x08001f3c   Section       14  handlers.o(i.__scatterload_zeroinit)
    i._fp_digits                             0x08001f4c   Section      408  printfa.o(i._fp_digits)
    _fp_digits                               0x08001f4d   Thumb Code   372  printfa.o(i._fp_digits)
    i._printf_core                           0x080020e4   Section     1792  printfa.o(i._printf_core)
    _printf_core                             0x080020e5   Thumb Code  1780  printfa.o(i._printf_core)
    i._printf_post_padding                   0x080027e4   Section       36  printfa.o(i._printf_post_padding)
    _printf_post_padding                     0x080027e5   Thumb Code    36  printfa.o(i._printf_post_padding)
    i._printf_pre_padding                    0x08002808   Section       44  printfa.o(i._printf_pre_padding)
    _printf_pre_padding                      0x08002809   Thumb Code    44  printfa.o(i._printf_pre_padding)
    i._sputc                                 0x08002834   Section       10  printfa.o(i._sputc)
    _sputc                                   0x08002835   Thumb Code    10  printfa.o(i._sputc)
    i.address_set                            0x0800283e   Section       64  lcd.o(i.address_set)
    i.cal_money                              0x08002880   Section      228  lcd.o(i.cal_money)
    i.fputc                                  0x08002964   Section       36  rtc_init.o(i.fputc)
    i.ili9320_PutChars_S3264                 0x08002988   Section      240  lcd.o(i.ili9320_PutChars_S3264)
    i.ili9320_PutChars_S3316                 0x08002a78   Section      216  lcd.o(i.ili9320_PutChars_S3316)
    i.ili9320_PutCharz                       0x08002b50   Section      160  lcd.o(i.ili9320_PutCharz)
    i.ili9320_PutCharz_S4035                 0x08002bf0   Section      164  lcd.o(i.ili9320_PutCharz_S4035)
    i.ili9320_PutCharz_S5664                 0x08002c94   Section      164  lcd.o(i.ili9320_PutCharz_S5664)
    i.ili9320_Put_Km                         0x08002d38   Section      176  lcd.o(i.ili9320_Put_Km)
    i.ili9320_SetPoint                       0x08002de8   Section       40  lcd.o(i.ili9320_SetPoint)
    i.main                                   0x08002e10   Section      228  main.o(i.main)
    i.test                                   0x08002ef4   Section      520  lcd.o(i.test)
    .constdata                               0x080030fc   Section      325  rtc_init.o(.constdata)
    .constdata                               0x08003244   Section    171865  lcd.o(.constdata)
    .data                                    0x20000000   Section       12  main.o(.data)
    .data                                    0x2000000c   Section        4  main.o(.data)
    .data                                    0x20000010   Section        1  main.o(.data)
    .data                                    0x20000011   Section        1  main.o(.data)
    .data                                    0x20000014   Section       32  rtc_init.o(.data)
    .data                                    0x20000034   Section       17  lcd.o(.data)
    TextColor                                0x20000034   Data           2  lcd.o(.data)
    BackColor                                0x20000036   Data           2  lcd.o(.data)
    .data                                    0x20000048   Section        4  stm32f10x_it.o(.data)
    .data                                    0x2000004c   Section       20  stm32f10x_rcc.o(.data)
    ADCPrescTable                            0x2000004c   Data           4  stm32f10x_rcc.o(.data)
    APBAHBPrescTable                         0x20000050   Data          16  stm32f10x_rcc.o(.data)
    .data                                    0x20000060   Section        4  stdout.o(.data)
    .bss                                     0x20000064   Section       10  main.o(.bss)
    STACK                                    0x20000070   Section      512  startup_stm32f10x_hd.o(STACK)

    Global Symbols

    Symbol Name                              Value     Ov Type        Size  Object(Section)

    BuildAttributes$$THM_ISAv4$P$D$K$B$S$PE$A:L22UL41UL21$X:L11$S22US41US21$IEEE1$IW$USESV6$~STKCKD$USESV7$~SHL$OSPACE$ROPI$EBA8$MICROLIB$REQ8$PRES8$EABIv2 0x00000000   Number         0  anon$$obj.o ABSOLUTE
    __ARM_use_no_argv                        0x00000000   Number         0  main.o ABSOLUTE
    _printf_a                                0x00000000   Number         0  stubs.o ABSOLUTE
    _printf_c                                0x00000000   Number         0  stubs.o ABSOLUTE
    _printf_charcount                        0x00000000   Number         0  stubs.o ABSOLUTE
    _printf_d                                0x00000000   Number         0  stubs.o ABSOLUTE
    _printf_e                                0x00000000   Number         0  stubs.o ABSOLUTE
    _printf_f                                0x00000000   Number         0  stubs.o ABSOLUTE
    _printf_flags                            0x00000000   Number         0  stubs.o ABSOLUTE
    _printf_fp_dec                           0x00000000   Number         0  stubs.o ABSOLUTE
    _printf_fp_hex                           0x00000000   Number         0  stubs.o ABSOLUTE
    _printf_g                                0x00000000   Number         0  stubs.o ABSOLUTE
    _printf_i                                0x00000000   Number         0  stubs.o ABSOLUTE
    _printf_int_dec                          0x00000000   Number         0  stubs.o ABSOLUTE
    _printf_l                                0x00000000   Number         0  stubs.o ABSOLUTE
    _printf_lc                               0x00000000   Number         0  stubs.o ABSOLUTE
    _printf_ll                               0x00000000   Number         0  stubs.o ABSOLUTE
    _printf_lld                              0x00000000   Number         0  stubs.o ABSOLUTE
    _printf_lli                              0x00000000   Number         0  stubs.o ABSOLUTE
    _printf_llo                              0x00000000   Number         0  stubs.o ABSOLUTE
    _printf_llu                              0x00000000   Number         0  stubs.o ABSOLUTE
    _printf_llx                              0x00000000   Number         0  stubs.o ABSOLUTE
    _printf_longlong_dec                     0x00000000   Number         0  stubs.o ABSOLUTE
    _printf_longlong_hex                     0x00000000   Number         0  stubs.o ABSOLUTE
    _printf_longlong_oct                     0x00000000   Number         0  stubs.o ABSOLUTE
    _printf_ls                               0x00000000   Number         0  stubs.o ABSOLUTE
    _printf_mbtowc                           0x00000000   Number         0  stubs.o ABSOLUTE
    _printf_n                                0x00000000   Number         0  stubs.o ABSOLUTE
    _printf_o                                0x00000000   Number         0  stubs.o ABSOLUTE
    _printf_p                                0x00000000   Number         0  stubs.o ABSOLUTE
    _printf_percent                          0x00000000   Number         0  stubs.o ABSOLUTE
    _printf_pre_padding                      0x00000000   Number         0  stubs.o ABSOLUTE
    _printf_return_value                     0x00000000   Number         0  stubs.o ABSOLUTE
    _printf_s                                0x00000000   Number         0  stubs.o ABSOLUTE
    _printf_sizespec                         0x00000000   Number         0  stubs.o ABSOLUTE
    _printf_str                              0x00000000   Number         0  stubs.o ABSOLUTE
    _printf_truncate_signed                  0x00000000   Number         0  stubs.o ABSOLUTE
    _printf_truncate_unsigned                0x00000000   Number         0  stubs.o ABSOLUTE
    _printf_u                                0x00000000   Number         0  stubs.o ABSOLUTE
    _printf_wc                               0x00000000   Number         0  stubs.o ABSOLUTE
    _printf_wctomb                           0x00000000   Number         0  stubs.o ABSOLUTE
    _printf_widthprec                        0x00000000   Number         0  stubs.o ABSOLUTE
    _printf_x                                0x00000000   Number         0  stubs.o ABSOLUTE
    __decompress                              - Undefined Weak Reference
    __Vectors_Size                           0x00000130   Number         0  startup_stm32f10x_hd.o ABSOLUTE
    __Vectors                                0x08000000   Data           4  startup_stm32f10x_hd.o(RESET)
    __Vectors_End                            0x08000130   Data           0  startup_stm32f10x_hd.o(RESET)
    __main                                   0x08000131   Thumb Code     0  entry.o(.ARM.Collect$$$$00000000)
    _main_stk                                0x08000131   Thumb Code     0  entry2.o(.ARM.Collect$$$$00000001)
    _main_scatterload                        0x08000135   Thumb Code     0  entry5.o(.ARM.Collect$$$$00000004)
    __main_after_scatterload                 0x08000139   Thumb Code     0  entry5.o(.ARM.Collect$$$$00000004)
    _main_init                               0x08000139   Thumb Code     0  entry7.o(.ARM.Collect$$$$00000007)
    SystemInit_ExtMemCtl                     0x08000145   Thumb Code     2  startup_stm32f10x_hd.o(.text)
    Reset_Handler                            0x08000147   Thumb Code    14  startup_stm32f10x_hd.o(.text)
    ADC1_2_IRQHandler                        0x08000167   Thumb Code     0  startup_stm32f10x_hd.o(.text)
    ADC3_IRQHandler                          0x08000167   Thumb Code     0  startup_stm32f10x_hd.o(.text)
    CAN1_RX1_IRQHandler                      0x08000167   Thumb Code     0  startup_stm32f10x_hd.o(.text)
    CAN1_SCE_IRQHandler                      0x08000167   Thumb Code     0  startup_stm32f10x_hd.o(.text)
    DMA1_Channel1_IRQHandler                 0x08000167   Thumb Code     0  startup_stm32f10x_hd.o(.text)
    DMA1_Channel2_IRQHandler                 0x08000167   Thumb Code     0  startup_stm32f10x_hd.o(.text)
    DMA1_Channel3_IRQHandler                 0x08000167   Thumb Code     0  startup_stm32f10x_hd.o(.text)
    DMA1_Channel4_IRQHandler                 0x08000167   Thumb Code     0  startup_stm32f10x_hd.o(.text)
    DMA1_Channel5_IRQHandler                 0x08000167   Thumb Code     0  startup_stm32f10x_hd.o(.text)
    DMA1_Channel6_IRQHandler                 0x08000167   Thumb Code     0  startup_stm32f10x_hd.o(.text)
    DMA1_Channel7_IRQHandler                 0x08000167   Thumb Code     0  startup_stm32f10x_hd.o(.text)
    DMA2_Channel1_IRQHandler                 0x08000167   Thumb Code     0  startup_stm32f10x_hd.o(.text)
    DMA2_Channel2_IRQHandler                 0x08000167   Thumb Code     0  startup_stm32f10x_hd.o(.text)
    DMA2_Channel3_IRQHandler                 0x08000167   Thumb Code     0  startup_stm32f10x_hd.o(.text)
    DMA2_Channel4_5_IRQHandler               0x08000167   Thumb Code     0  startup_stm32f10x_hd.o(.text)
    EXTI0_IRQHandler                         0x08000167   Thumb Code     0  startup_stm32f10x_hd.o(.text)
    EXTI15_10_IRQHandler                     0x08000167   Thumb Code     0  startup_stm32f10x_hd.o(.text)
    EXTI1_IRQHandler                         0x08000167   Thumb Code     0  startup_stm32f10x_hd.o(.text)
    EXTI4_IRQHandler                         0x08000167   Thumb Code     0  startup_stm32f10x_hd.o(.text)
    EXTI9_5_IRQHandler                       0x08000167   Thumb Code     0  startup_stm32f10x_hd.o(.text)
    FLASH_IRQHandler                         0x08000167   Thumb Code     0  startup_stm32f10x_hd.o(.text)
    FSMC_IRQHandler                          0x08000167   Thumb Code     0  startup_stm32f10x_hd.o(.text)
    I2C1_ER_IRQHandler                       0x08000167   Thumb Code     0  startup_stm32f10x_hd.o(.text)
    I2C1_EV_IRQHandler                       0x08000167   Thumb Code     0  startup_stm32f10x_hd.o(.text)
    I2C2_ER_IRQHandler                       0x08000167   Thumb Code     0  startup_stm32f10x_hd.o(.text)
    I2C2_EV_IRQHandler                       0x08000167   Thumb Code     0  startup_stm32f10x_hd.o(.text)
    PVD_IRQHandler                           0x08000167   Thumb Code     0  startup_stm32f10x_hd.o(.text)
    RCC_IRQHandler                           0x08000167   Thumb Code     0  startup_stm32f10x_hd.o(.text)
    RTCAlarm_IRQHandler                      0x08000167   Thumb Code     0  startup_stm32f10x_hd.o(.text)
    SDIO_IRQHandler                          0x08000167   Thumb Code     0  startup_stm32f10x_hd.o(.text)
    SPI1_IRQHandler                          0x08000167   Thumb Code     0  startup_stm32f10x_hd.o(.text)
    SPI2_IRQHandler                          0x08000167   Thumb Code     0  startup_stm32f10x_hd.o(.text)
    SPI3_IRQHandler                          0x08000167   Thumb Code     0  startup_stm32f10x_hd.o(.text)
    TAMPER_IRQHandler                        0x08000167   Thumb Code     0  startup_stm32f10x_hd.o(.text)
    TIM1_BRK_IRQHandler                      0x08000167   Thumb Code     0  startup_stm32f10x_hd.o(.text)
    TIM1_CC_IRQHandler                       0x08000167   Thumb Code     0  startup_stm32f10x_hd.o(.text)
    TIM1_TRG_COM_IRQHandler                  0x08000167   Thumb Code     0  startup_stm32f10x_hd.o(.text)
    TIM1_UP_IRQHandler                       0x08000167   Thumb Code     0  startup_stm32f10x_hd.o(.text)
    TIM3_IRQHandler                          0x08000167   Thumb Code     0  startup_stm32f10x_hd.o(.text)
    TIM4_IRQHandler                          0x08000167   Thumb Code     0  startup_stm32f10x_hd.o(.text)
    TIM5_IRQHandler                          0x08000167   Thumb Code     0  startup_stm32f10x_hd.o(.text)
    TIM6_IRQHandler                          0x08000167   Thumb Code     0  startup_stm32f10x_hd.o(.text)
    TIM7_IRQHandler                          0x08000167   Thumb Code     0  startup_stm32f10x_hd.o(.text)
    TIM8_BRK_IRQHandler                      0x08000167   Thumb Code     0  startup_stm32f10x_hd.o(.text)
    TIM8_CC_IRQHandler                       0x08000167   Thumb Code     0  startup_stm32f10x_hd.o(.text)
    TIM8_TRG_COM_IRQHandler                  0x08000167   Thumb Code     0  startup_stm32f10x_hd.o(.text)
    TIM8_UP_IRQHandler                       0x08000167   Thumb Code     0  startup_stm32f10x_hd.o(.text)
    UART4_IRQHandler                         0x08000167   Thumb Code     0  startup_stm32f10x_hd.o(.text)
    UART5_IRQHandler                         0x08000167   Thumb Code     0  startup_stm32f10x_hd.o(.text)
    USART1_IRQHandler                        0x08000167   Thumb Code     0  startup_stm32f10x_hd.o(.text)
    USART2_IRQHandler                        0x08000167   Thumb Code     0  startup_stm32f10x_hd.o(.text)
    USART3_IRQHandler                        0x08000167   Thumb Code     0  startup_stm32f10x_hd.o(.text)
    USBWakeUp_IRQHandler                     0x08000167   Thumb Code     0  startup_stm32f10x_hd.o(.text)
    USB_HP_CAN1_TX_IRQHandler                0x08000167   Thumb Code     0  startup_stm32f10x_hd.o(.text)
    USB_LP_CAN1_RX0_IRQHandler               0x08000167   Thumb Code     0  startup_stm32f10x_hd.o(.text)
    WWDG_IRQHandler                          0x08000167   Thumb Code     0  startup_stm32f10x_hd.o(.text)
    __aeabi_fadd                             0x080001ef   Thumb Code    14  fadd.o(.text)
    __aeabi_fsub                             0x080001fd   Thumb Code    14  fadd.o(.text)
    __aeabi_frsub                            0x0800020b   Thumb Code    18  fadd.o(.text)
    __aeabi_fmul                             0x0800021d   Thumb Code   102  fmul.o(.text)
    __ARM_scalbnf                            0x08000283   Thumb Code    10  fscalb.o(.text)
    scalbnf                                  0x08000283   Thumb Code     0  fscalb.o(.text)
    __aeabi_dadd                             0x0800039b   Thumb Code    48  dadd.o(.text)
    __aeabi_dsub                             0x080003cb   Thumb Code    48  dadd.o(.text)
    __aeabi_drsub                            0x080003fb   Thumb Code    48  dadd.o(.text)
    __aeabi_dmul                             0x0800042b   Thumb Code   232  dmul.o(.text)
    __aeabi_ddiv                             0x08000513   Thumb Code   248  ddiv.o(.text)
    __aeabi_i2f                              0x0800060b   Thumb Code    20  fflti.o(.text)
    __aeabi_f2iz                             0x0800061f   Thumb Code    50  ffixi.o(.text)
    __aeabi_f2d                              0x08000651   Thumb Code    36  f2d.o(.text)
    __aeabi_d2f                              0x08000675   Thumb Code    58  d2f.o(.text)
    __aeabi_uidiv                            0x080006af   Thumb Code     0  uidiv.o(.text)
    __aeabi_uidivmod                         0x080006af   Thumb Code    44  uidiv.o(.text)
    __aeabi_uldivmod                         0x080006db   Thumb Code    90  uldiv.o(.text)
    __aeabi_llsl                             0x08000735   Thumb Code    32  llshl.o(.text)
    _ll_shift_l                              0x08000735   Thumb Code     0  llshl.o(.text)
    __aeabi_llsr                             0x08000755   Thumb Code    30  llushr.o(.text)
    _ll_ushift_r                             0x08000755   Thumb Code     0  llushr.o(.text)
    __I$use$fp                               0x08000773   Thumb Code     0  iusefp.o(.text)
    _float_round                             0x08000773   Thumb Code    18  fepilogue.o(.text)
    _float_epilogue                          0x08000785   Thumb Code    74  fepilogue.o(.text)
    _double_round                            0x080007d1   Thumb Code    54  depilogue.o(.text)
    _double_epilogue                         0x08000807   Thumb Code   142  depilogue.o(.text)
    __aeabi_d2ulz                            0x08000899   Thumb Code    50  dfixul.o(.text)
    __aeabi_cdrcmple                         0x080008cd   Thumb Code    74  cdrcmple.o(.text)
    __scatterload                            0x08000919   Thumb Code    28  init.o(.text)
    __scatterload_rt2                        0x08000919   Thumb Code     0  init.o(.text)
    BKP_DeInit                               0x0800093d   Thumb Code    18  stm32f10x_bkp.o(i.BKP_DeInit)
    BKP_ReadBackupRegister                   0x08000951   Thumb Code    10  stm32f10x_bkp.o(i.BKP_ReadBackupRegister)
    BKP_WriteBackupRegister                  0x08000961   Thumb Code    10  stm32f10x_bkp.o(i.BKP_WriteBackupRegister)
    BusFault_Handler                         0x08000971   Thumb Code     2  stm32f10x_it.o(i.BusFault_Handler)
    DebugMon_Handler                         0x08000973   Thumb Code     2  stm32f10x_it.o(i.DebugMon_Handler)
    Delay                                    0x08000975   Thumb Code    10  rtc_init.o(i.Delay)
    EXTI2_IRQHandler                         0x08000981   Thumb Code    62  stm32f10x_it.o(i.EXTI2_IRQHandler)
    EXTI3_IRQHandler                         0x080009c9   Thumb Code    56  stm32f10x_it.o(i.EXTI3_IRQHandler)
    EXTI_ClearITPendingBit                   0x08000a09   Thumb Code     6  stm32f10x_exti.o(i.EXTI_ClearITPendingBit)
    EXTI_Config                              0x08000a15   Thumb Code    60  main.o(i.EXTI_Config)
    EXTI_GetITStatus                         0x08000a51   Thumb Code    24  stm32f10x_exti.o(i.EXTI_GetITStatus)
    EXTI_Init                                0x08000a6d   Thumb Code   134  stm32f10x_exti.o(i.EXTI_Init)
    FLASH_PrefetchBufferCmd                  0x08000af9   Thumb Code    18  stm32f10x_flash.o(i.FLASH_PrefetchBufferCmd)
    FLASH_SetLatency                         0x08000b11   Thumb Code    14  stm32f10x_flash.o(i.FLASH_SetLatency)
    FSMC_LCD_Init                            0x08000b25   Thumb Code    82  lcd_init.o(i.FSMC_LCD_Init)
    FSMC_NORSRAMCmd                          0x08000b79   Thumb Code    28  stm32f10x_fsmc.o(i.FSMC_NORSRAMCmd)
    FSMC_NORSRAMInit                         0x08000b99   Thumb Code   188  stm32f10x_fsmc.o(i.FSMC_NORSRAMInit)
    GPIO_Configuration                       0x08000c55   Thumb Code   176  rtc_init.o(i.GPIO_Configuration)
    GPIO_EXTILineConfig                      0x08000d15   Thumb Code    34  stm32f10x_gpio.o(i.GPIO_EXTILineConfig)
    GPIO_Init                                0x08000d3d   Thumb Code   158  stm32f10x_gpio.o(i.GPIO_Init)
    GPIO_ResetBits                           0x08000ddb   Thumb Code     4  stm32f10x_gpio.o(i.GPIO_ResetBits)
    GPIO_SetBits                             0x08000ddf   Thumb Code     4  stm32f10x_gpio.o(i.GPIO_SetBits)
    Get_Info                                 0x08000de5   Thumb Code    58  bill.o(i.Get_Info)
    HardFault_Handler                        0x08000e35   Thumb Code     2  stm32f10x_it.o(i.HardFault_Handler)
    LCD_CtrlLinesConfig                      0x08000e39   Thumb Code   196  lcd.o(i.LCD_CtrlLinesConfig)
    LCD_Setup                                0x08000f0d   Thumb Code   552  lcd.o(i.LCD_Setup)
    LCD_WriteRAM_Prepare                     0x08001141   Thumb Code    10  lcd.o(i.LCD_WriteRAM_Prepare)
    LCD_WriteReg                             0x0800114d   Thumb Code    12  lcd.o(i.LCD_WriteReg)
    Logo                                     0x0800115d   Thumb Code    52  lcd.o(i.Logo)
    MemManage_Handler                        0x08001199   Thumb Code     2  stm32f10x_it.o(i.MemManage_Handler)
    NMI_Handler                              0x0800119b   Thumb Code     2  stm32f10x_it.o(i.NMI_Handler)
    NVIC_Configuration                       0x0800119d   Thumb Code   142  rtc_init.o(i.NVIC_Configuration)
    NVIC_Init                                0x0800122b   Thumb Code    92  misc.o(i.NVIC_Init)
    NVIC_PriorityGroupConfig                 0x08001289   Thumb Code    10  misc.o(i.NVIC_PriorityGroupConfig)
    NVIC_SetVectorTable                      0x0800129d   Thumb Code    12  misc.o(i.NVIC_SetVectorTable)
    PWR_BackupAccessCmd                      0x080012b1   Thumb Code     6  stm32f10x_pwr.o(i.PWR_BackupAccessCmd)
    PendSV_Handler                           0x080012bd   Thumb Code     2  stm32f10x_it.o(i.PendSV_Handler)
    Print_Bill                               0x080012c1   Thumb Code    84  bill.o(i.Print_Bill)
    RCC_AHBPeriphClockCmd                    0x080013e1   Thumb Code    18  stm32f10x_rcc.o(i.RCC_AHBPeriphClockCmd)
    RCC_APB1PeriphClockCmd                   0x080013f9   Thumb Code    18  stm32f10x_rcc.o(i.RCC_APB1PeriphClockCmd)
    RCC_APB1PeriphResetCmd                   0x08001411   Thumb Code    18  stm32f10x_rcc.o(i.RCC_APB1PeriphResetCmd)
    RCC_APB2PeriphClockCmd                   0x08001429   Thumb Code    18  stm32f10x_rcc.o(i.RCC_APB2PeriphClockCmd)
    RCC_APB2PeriphResetCmd                   0x08001441   Thumb Code    18  stm32f10x_rcc.o(i.RCC_APB2PeriphResetCmd)
    RCC_BackupResetCmd                       0x08001459   Thumb Code     6  stm32f10x_rcc.o(i.RCC_BackupResetCmd)
    RCC_ClearFlag                            0x08001465   Thumb Code    12  stm32f10x_rcc.o(i.RCC_ClearFlag)
    RCC_Configuration                        0x08001475   Thumb Code   114  rtc_init.o(i.RCC_Configuration)
    RCC_DeInit                               0x080014ed   Thumb Code    48  stm32f10x_rcc.o(i.RCC_DeInit)
    RCC_GetClocksFreq                        0x08001529   Thumb Code   132  stm32f10x_rcc.o(i.RCC_GetClocksFreq)
    RCC_GetFlagStatus                        0x080015bd   Thumb Code    42  stm32f10x_rcc.o(i.RCC_GetFlagStatus)
    RCC_GetSYSCLKSource                      0x080015ed   Thumb Code    10  stm32f10x_rcc.o(i.RCC_GetSYSCLKSource)
    RCC_HCLKConfig                           0x080015fd   Thumb Code    14  stm32f10x_rcc.o(i.RCC_HCLKConfig)
    RCC_HSEConfig                            0x08001611   Thumb Code    48  stm32f10x_rcc.o(i.RCC_HSEConfig)
    RCC_LSEConfig                            0x08001645   Thumb Code    26  stm32f10x_rcc.o(i.RCC_LSEConfig)
    RCC_PCLK1Config                          0x08001665   Thumb Code    14  stm32f10x_rcc.o(i.RCC_PCLK1Config)
    RCC_PCLK2Config                          0x08001679   Thumb Code    16  stm32f10x_rcc.o(i.RCC_PCLK2Config)
    RCC_PLLCmd                               0x0800168d   Thumb Code     6  stm32f10x_rcc.o(i.RCC_PLLCmd)
    RCC_PLLConfig                            0x08001699   Thumb Code    16  stm32f10x_rcc.o(i.RCC_PLLConfig)
    RCC_RTCCLKCmd                            0x080016ad   Thumb Code     6  stm32f10x_rcc.o(i.RCC_RTCCLKCmd)
    RCC_RTCCLKConfig                         0x080016b9   Thumb Code    10  stm32f10x_rcc.o(i.RCC_RTCCLKConfig)
    RCC_SYSCLKConfig                         0x080016c9   Thumb Code    14  stm32f10x_rcc.o(i.RCC_SYSCLKConfig)
    RCC_WaitForHSEStartUp                    0x080016dd   Thumb Code    36  stm32f10x_rcc.o(i.RCC_WaitForHSEStartUp)
    RTC_ClearITPendingBit                    0x08001701   Thumb Code    10  stm32f10x_rtc.o(i.RTC_ClearITPendingBit)
    RTC_Configuration                        0x08001711   Thumb Code    88  rtc_init.o(i.RTC_Configuration)
    RTC_EnterConfigMode                      0x08001769   Thumb Code    12  stm32f10x_rtc.o(i.RTC_EnterConfigMode)
    RTC_ExitConfigMode                       0x08001779   Thumb Code    12  stm32f10x_rtc.o(i.RTC_ExitConfigMode)
    RTC_GO                                   0x08001789   Thumb Code    90  rtc_init.o(i.RTC_GO)
    RTC_GetCounter                           0x08001809   Thumb Code    12  stm32f10x_rtc.o(i.RTC_GetCounter)
    RTC_GetITStatus                          0x08001819   Thumb Code    24  stm32f10x_rtc.o(i.RTC_GetITStatus)
    RTC_IRQHandler                           0x08001835   Thumb Code    56  stm32f10x_it.o(i.RTC_IRQHandler)
    RTC_ITConfig                             0x08001879   Thumb Code    22  stm32f10x_rtc.o(i.RTC_ITConfig)
    RTC_Init                                 0x08001895   Thumb Code   116  rtc_init.o(i.RTC_Init)
    RTC_SetCounter                           0x08001929   Thumb Code    24  stm32f10x_rtc.o(i.RTC_SetCounter)
    RTC_SetPrescaler                         0x08001945   Thumb Code    26  stm32f10x_rtc.o(i.RTC_SetPrescaler)
    RTC_WaitForLastTask                      0x08001965   Thumb Code    14  stm32f10x_rtc.o(i.RTC_WaitForLastTask)
    RTC_WaitForSynchro                       0x08001979   Thumb Code    26  stm32f10x_rtc.o(i.RTC_WaitForSynchro)
    SVC_Handler                              0x08001999   Thumb Code     2  stm32f10x_it.o(i.SVC_Handler)
    SysTick_Handler                          0x0800199b   Thumb Code     2  stm32f10x_it.o(i.SysTick_Handler)
    TIM2_IRQHandler                          0x0800199d   Thumb Code    92  stm32f10x_it.o(i.TIM2_IRQHandler)
    TIM_ClearFlag                            0x08001a15   Thumb Code     6  stm32f10x_tim.o(i.TIM_ClearFlag)
    TIM_ClearITPendingBit                    0x08001a1b   Thumb Code     6  stm32f10x_tim.o(i.TIM_ClearITPendingBit)
    TIM_Cmd                                  0x08001a21   Thumb Code    22  stm32f10x_tim.o(i.TIM_Cmd)
    TIM_DeInit                               0x08001a39   Thumb Code   170  stm32f10x_tim.o(i.TIM_DeInit)
    TIM_GetITStatus                          0x08001aed   Thumb Code    24  stm32f10x_tim.o(i.TIM_GetITStatus)
    TIM_ITConfig                             0x08001b05   Thumb Code    16  stm32f10x_tim.o(i.TIM_ITConfig)
    TIM_TimeBaseInit                         0x08001b15   Thumb Code    52  stm32f10x_tim.o(i.TIM_TimeBaseInit)
    Time_Regulate                            0x08001b51   Thumb Code   142  rtc_init.o(i.Time_Regulate)
    Timer_Config                             0x08001c55   Thumb Code    78  main.o(i.Timer_Config)
    USART_ClockInit                          0x08001ca9   Thumb Code    30  stm32f10x_usart.o(i.USART_ClockInit)
    USART_Cmd                                0x08001cc7   Thumb Code    20  stm32f10x_usart.o(i.USART_Cmd)
    USART_Configuration                      0x08001cdd   Thumb Code    84  rtc_init.o(i.USART_Configuration)
    USART_GetFlagStatus                      0x08001d35   Thumb Code    14  stm32f10x_usart.o(i.USART_GetFlagStatus)
    USART_Init                               0x08001d45   Thumb Code   134  stm32f10x_usart.o(i.USART_Init)
    USART_ReceiveData                        0x08001dd1   Thumb Code     8  stm32f10x_usart.o(i.USART_ReceiveData)
    USART_Scanf                              0x08001dd9   Thumb Code   108  rtc_init.o(i.USART_Scanf)
    USART_SendData                           0x08001ea9   Thumb Code     8  stm32f10x_usart.o(i.USART_SendData)
    UsageFault_Handler                       0x08001eb1   Thumb Code     2  stm32f10x_it.o(i.UsageFault_Handler)
    Wel_Logo                                 0x08001eb3   Thumb Code    48  lcd.o(i.Wel_Logo)
    __0printf                                0x08001ee5   Thumb Code    22  printfa.o(i.__0printf)
    __1printf                                0x08001ee5   Thumb Code     0  printfa.o(i.__0printf)
    __2printf                                0x08001ee5   Thumb Code     0  printfa.o(i.__0printf)
    __c89printf                              0x08001ee5   Thumb Code     0  printfa.o(i.__0printf)
    printf                                   0x08001ee5   Thumb Code     0  printfa.o(i.__0printf)
    __0sprintf                               0x08001f05   Thumb Code    34  printfa.o(i.__0sprintf)
    __1sprintf                               0x08001f05   Thumb Code     0  printfa.o(i.__0sprintf)
    __2sprintf                               0x08001f05   Thumb Code     0  printfa.o(i.__0sprintf)
    __c89sprintf                             0x08001f05   Thumb Code     0  printfa.o(i.__0sprintf)
    sprintf                                  0x08001f05   Thumb Code     0  printfa.o(i.__0sprintf)
    __scatterload_copy                       0x08001f2d   Thumb Code    14  handlers.o(i.__scatterload_copy)
    __scatterload_null                       0x08001f3b   Thumb Code     2  handlers.o(i.__scatterload_null)
    __scatterload_zeroinit                   0x08001f3d   Thumb Code    14  handlers.o(i.__scatterload_zeroinit)
    address_set                              0x0800283f   Thumb Code    64  lcd.o(i.address_set)
    cal_money                                0x08002881   Thumb Code   190  lcd.o(i.cal_money)
    fputc                                    0x08002965   Thumb Code    28  rtc_init.o(i.fputc)
    ili9320_PutChars_S3264                   0x08002989   Thumb Code   232  lcd.o(i.ili9320_PutChars_S3264)
    ili9320_PutChars_S3316                   0x08002a79   Thumb Code   206  lcd.o(i.ili9320_PutChars_S3316)
    ili9320_PutCharz                         0x08002b51   Thumb Code   152  lcd.o(i.ili9320_PutCharz)
    ili9320_PutCharz_S4035                   0x08002bf1   Thumb Code   156  lcd.o(i.ili9320_PutCharz_S4035)
    ili9320_PutCharz_S5664                   0x08002c95   Thumb Code   156  lcd.o(i.ili9320_PutCharz_S5664)
    ili9320_Put_Km                           0x08002d39   Thumb Code   168  lcd.o(i.ili9320_Put_Km)
    ili9320_SetPoint                         0x08002de9   Thumb Code    34  lcd.o(i.ili9320_SetPoint)
    main                                     0x08002e11   Thumb Code   210  main.o(i.main)
    test                                     0x08002ef5   Thumb Code   394  lcd.o(i.test)
    ASCII_Wel                                0x08003244   Data        3584  lcd.o(.constdata)
    ASCII_Safe                               0x08004044   Data        2100  lcd.o(.constdata)
    ASCII_km                                 0x08004878   Data         528  lcd.o(.constdata)
    ASCII_Km                                 0x08004a88   Data        1452  lcd.o(.constdata)
    ASCII_Data                               0x08005034   Data        6656  lcd.o(.constdata)
    ASCII_Table                              0x08006a34   Data        2376  lcd.o(.constdata)
    gImage_x                                 0x0800737c   Data       153600  lcd.o(.constdata)
    ascii_8x16                               0x0802cb7c   Data        1536  lcd.o(.constdata)
    Region$$Table$$Base                      0x0802d1a0   Number         0  anon$$obj.o(Region$$Table)
    Region$$Table$$Limit                     0x0802d1c0   Number         0  anon$$obj.o(Region$$Table)
    key1                                     0x20000000   Data           1  main.o(.data)
    distance                                 0x20000004   Data           4  main.o(.data)
    wait_time                                0x20000008   Data           4  main.o(.data)
    money                                    0x2000000c   Data           4  main.o(.data)
    kk                                       0x20000010   Data           1  main.o(.data)
    key2                                     0x20000011   Data           1  main.o(.data)
    HSEStartUpStatus                         0x20000014   Data           1  rtc_init.o(.data)
    OneSec                                   0x20000018   Data           4  rtc_init.o(.data)
    NoOneSec                                 0x2000001c   Data           4  rtc_init.o(.data)
    THH                                      0x20000020   Data           4  rtc_init.o(.data)
    TMM                                      0x20000024   Data           4  rtc_init.o(.data)
    TSS                                      0x20000028   Data           4  rtc_init.o(.data)
    SecStatus                                0x2000002c   Data           4  rtc_init.o(.data)
    RTCCount                                 0x20000030   Data           4  rtc_init.o(.data)
    tab_fee_float                            0x20000038   Data           3  lcd.o(.data)
    tab_fee_calc                             0x2000003b   Data           5  lcd.o(.data)
    tab_distance_calc                        0x20000040   Data           5  lcd.o(.data)
    speed                                    0x20000048   Data           4  stm32f10x_it.o(.data)
    __stdout                                 0x20000060   Data           4  stdout.o(.data)
    TIM_TimeBaseStructure                    0x20000064   Data          10  main.o(.bss)
    __initial_sp                             0x20000270   Data           0  startup_stm32f10x_hd.o(STACK)



==============================================================================

Memory Map of the image

  Image Entry point : 0x08000131

  Load Region LR_IROM1 (Base: 0x08000000, Size: 0x0002d224, Max: 0x00080000, ABSOLUTE)

    Execution Region ER_IROM1 (Base: 0x08000000, Size: 0x0002d1c0, Max: 0x00080000, ABSOLUTE)

    Base Addr    Size         Type   Attr      Idx    E Section Name        Object

    0x08000000   0x00000130   Data   RO         2781    RESET               startup_stm32f10x_hd.o
    0x08000130   0x00000000   Code   RO         2786  * .ARM.Collect$$$$00000000  entry.o(mc_w.l)
    0x08000130   0x00000004   Code   RO         3070    .ARM.Collect$$$$00000001  entry2.o(mc_w.l)
    0x08000134   0x00000004   Code   RO         3073    .ARM.Collect$$$$00000004  entry5.o(mc_w.l)
    0x08000138   0x00000008   Code   RO         3074    .ARM.Collect$$$$00000007  entry7.o(mc_w.l)
    0x08000140   0x00000004   Code   RO         3071    .ARM.Collect$$$$00002712  entry2.o(mc_w.l)
    0x08000144   0x00000030   Code   RO         2782    .text               startup_stm32f10x_hd.o
    0x08000174   0x000000a8   Code   RO         3050    .text               fadd.o(mf_w.l)
    0x0800021c   0x00000066   Code   RO         3052    .text               fmul.o(mf_w.l)
    0x08000282   0x0000000a   Code   RO         3054    .text               fscalb.o(mf_w.l)
    0x0800028c   0x0000019e   Code   RO         3056    .text               dadd.o(mf_w.l)
    0x0800042a   0x000000e8   Code   RO         3058    .text               dmul.o(mf_w.l)
    0x08000512   0x000000f8   Code   RO         3060    .text               ddiv.o(mf_w.l)
    0x0800060a   0x00000014   Code   RO         3062    .text               fflti.o(mf_w.l)
    0x0800061e   0x00000032   Code   RO         3064    .text               ffixi.o(mf_w.l)
    0x08000650   0x00000024   Code   RO         3066    .text               f2d.o(mf_w.l)
    0x08000674   0x0000003a   Code   RO         3068    .text               d2f.o(mf_w.l)
    0x080006ae   0x0000002c   Code   RO         3076    .text               uidiv.o(mc_w.l)
    0x080006da   0x0000005a   Code   RO         3078    .text               uldiv.o(mc_w.l)
    0x08000734   0x00000020   Code   RO         3080    .text               llshl.o(mc_w.l)
    0x08000754   0x0000001e   Code   RO         3082    .text               llushr.o(mc_w.l)
    0x08000772   0x00000000   Code   RO         3084    .text               iusefp.o(mc_w.l)
    0x08000772   0x0000005c   Code   RO         3085    .text               fepilogue.o(mf_w.l)
    0x080007ce   0x00000002   PAD
    0x080007d0   0x000000c8   Code   RO         3087    .text               depilogue.o(mf_w.l)
    0x08000898   0x00000032   Code   RO         3089    .text               dfixul.o(mf_w.l)
    0x080008ca   0x00000002   PAD
    0x080008cc   0x0000004c   Code   RO         3091    .text               cdrcmple.o(mf_w.l)
    0x08000918   0x00000024   Code   RO         3093    .text               init.o(mc_w.l)
    0x0800093c   0x00000012   Code   RO         1038    i.BKP_DeInit        stm32f10x_bkp.o
    0x0800094e   0x00000002   PAD
    0x08000950   0x00000010   Code   RO         1043    i.BKP_ReadBackupRegister  stm32f10x_bkp.o
    0x08000960   0x00000010   Code   RO         1047    i.BKP_WriteBackupRegister  stm32f10x_bkp.o
    0x08000970   0x00000002   Code   RO          552    i.BusFault_Handler  stm32f10x_it.o
    0x08000972   0x00000002   Code   RO          553    i.DebugMon_Handler  stm32f10x_it.o
    0x08000974   0x0000000a   Code   RO          122    i.Delay             rtc_init.o
    0x0800097e   0x00000002   PAD
    0x08000980   0x00000048   Code   RO          554    i.EXTI2_IRQHandler  stm32f10x_it.o
    0x080009c8   0x00000040   Code   RO          555    i.EXTI3_IRQHandler  stm32f10x_it.o
    0x08000a08   0x0000000c   Code   RO         1163    i.EXTI_ClearITPendingBit  stm32f10x_exti.o
    0x08000a14   0x0000003c   Code   RO            1    i.EXTI_Config       main.o
    0x08000a50   0x0000001c   Code   RO         1167    i.EXTI_GetITStatus  stm32f10x_exti.o
    0x08000a6c   0x0000008c   Code   RO         1168    i.EXTI_Init         stm32f10x_exti.o
    0x08000af8   0x00000018   Code   RO         1233    i.FLASH_PrefetchBufferCmd  stm32f10x_flash.o
    0x08000b10   0x00000014   Code   RO         1238    i.FLASH_SetLatency  stm32f10x_flash.o
    0x08000b24   0x00000052   Code   RO          540    i.FSMC_LCD_Init     lcd_init.o
    0x08000b76   0x00000002   PAD
    0x08000b78   0x00000020   Code   RO         1377    i.FSMC_NORSRAMCmd   stm32f10x_fsmc.o
    0x08000b98   0x000000bc   Code   RO         1379    i.FSMC_NORSRAMInit  stm32f10x_fsmc.o
    0x08000c54   0x000000c0   Code   RO          123    i.GPIO_Configuration  rtc_init.o
    0x08000d14   0x00000028   Code   RO          885    i.GPIO_EXTILineConfig  stm32f10x_gpio.o
    0x08000d3c   0x0000009e   Code   RO          888    i.GPIO_Init         stm32f10x_gpio.o
    0x08000dda   0x00000004   Code   RO          895    i.GPIO_ResetBits    stm32f10x_gpio.o
    0x08000dde   0x00000004   Code   RO          896    i.GPIO_SetBits      stm32f10x_gpio.o
    0x08000de2   0x00000002   PAD
    0x08000de4   0x00000050   Code   RO          204    i.Get_Info          bill.o
    0x08000e34   0x00000002   Code   RO          556    i.HardFault_Handler  stm32f10x_it.o
    0x08000e36   0x00000002   PAD
    0x08000e38   0x000000d4   Code   RO          225    i.LCD_CtrlLinesConfig  lcd.o
    0x08000f0c   0x00000234   Code   RO          243    i.LCD_Setup         lcd.o
    0x08001140   0x0000000a   Code   RO          248    i.LCD_WriteRAM_Prepare  lcd.o
    0x0800114a   0x00000002   PAD
    0x0800114c   0x00000010   Code   RO          249    i.LCD_WriteReg      lcd.o
    0x0800115c   0x0000003c   Code   RO          250    i.Logo              lcd.o
    0x08001198   0x00000002   Code   RO          557    i.MemManage_Handler  stm32f10x_it.o
    0x0800119a   0x00000002   Code   RO          558    i.NMI_Handler       stm32f10x_it.o
    0x0800119c   0x0000008e   Code   RO          124    i.NVIC_Configuration  rtc_init.o
    0x0800122a   0x0000005c   Code   RO          997    i.NVIC_Init         misc.o
    0x08001286   0x00000002   PAD
    0x08001288   0x00000014   Code   RO          998    i.NVIC_PriorityGroupConfig  misc.o
    0x0800129c   0x00000014   Code   RO          999    i.NVIC_SetVectorTable  misc.o
    0x080012b0   0x0000000c   Code   RO         1489    i.PWR_BackupAccessCmd  stm32f10x_pwr.o
    0x080012bc   0x00000002   Code   RO          559    i.PendSV_Handler    stm32f10x_it.o
    0x080012be   0x00000002   PAD
    0x080012c0   0x00000120   Code   RO          205    i.Print_Bill        bill.o
    0x080013e0   0x00000018   Code   RO          675    i.RCC_AHBPeriphClockCmd  stm32f10x_rcc.o
    0x080013f8   0x00000018   Code   RO          676    i.RCC_APB1PeriphClockCmd  stm32f10x_rcc.o
    0x08001410   0x00000018   Code   RO          677    i.RCC_APB1PeriphResetCmd  stm32f10x_rcc.o
    0x08001428   0x00000018   Code   RO          678    i.RCC_APB2PeriphClockCmd  stm32f10x_rcc.o
    0x08001440   0x00000018   Code   RO          679    i.RCC_APB2PeriphResetCmd  stm32f10x_rcc.o
    0x08001458   0x0000000c   Code   RO          681    i.RCC_BackupResetCmd  stm32f10x_rcc.o
    0x08001464   0x00000010   Code   RO          682    i.RCC_ClearFlag     stm32f10x_rcc.o
    0x08001474   0x00000078   Code   RO          125    i.RCC_Configuration  rtc_init.o
    0x080014ec   0x0000003c   Code   RO          685    i.RCC_DeInit        stm32f10x_rcc.o
    0x08001528   0x00000094   Code   RO          686    i.RCC_GetClocksFreq  stm32f10x_rcc.o
    0x080015bc   0x00000030   Code   RO          687    i.RCC_GetFlagStatus  stm32f10x_rcc.o
    0x080015ec   0x00000010   Code   RO          689    i.RCC_GetSYSCLKSource  stm32f10x_rcc.o
    0x080015fc   0x00000014   Code   RO          690    i.RCC_HCLKConfig    stm32f10x_rcc.o
    0x08001610   0x00000034   Code   RO          691    i.RCC_HSEConfig     stm32f10x_rcc.o
    0x08001644   0x00000020   Code   RO          694    i.RCC_LSEConfig     stm32f10x_rcc.o
    0x08001664   0x00000014   Code   RO          697    i.RCC_PCLK1Config   stm32f10x_rcc.o
    0x08001678   0x00000014   Code   RO          698    i.RCC_PCLK2Config   stm32f10x_rcc.o
    0x0800168c   0x0000000c   Code   RO          699    i.RCC_PLLCmd        stm32f10x_rcc.o
    0x08001698   0x00000014   Code   RO          700    i.RCC_PLLConfig     stm32f10x_rcc.o
    0x080016ac   0x0000000c   Code   RO          701    i.RCC_RTCCLKCmd     stm32f10x_rcc.o
    0x080016b8   0x00000010   Code   RO          702    i.RCC_RTCCLKConfig  stm32f10x_rcc.o
    0x080016c8   0x00000014   Code   RO          703    i.RCC_SYSCLKConfig  stm32f10x_rcc.o
    0x080016dc   0x00000024   Code   RO          705    i.RCC_WaitForHSEStartUp  stm32f10x_rcc.o
    0x08001700   0x00000010   Code   RO         1553    i.RTC_ClearITPendingBit  stm32f10x_rtc.o
    0x08001710   0x00000058   Code   RO          126    i.RTC_Configuration  rtc_init.o
    0x08001768   0x00000010   Code   RO         1554    i.RTC_EnterConfigMode  stm32f10x_rtc.o
    0x08001778   0x00000010   Code   RO         1555    i.RTC_ExitConfigMode  stm32f10x_rtc.o
    0x08001788   0x00000080   Code   RO          127    i.RTC_GO            rtc_init.o
    0x08001808   0x00000010   Code   RO         1556    i.RTC_GetCounter    stm32f10x_rtc.o
    0x08001818   0x0000001c   Code   RO         1559    i.RTC_GetITStatus   stm32f10x_rtc.o
    0x08001834   0x00000044   Code   RO          560    i.RTC_IRQHandler    stm32f10x_it.o
    0x08001878   0x0000001c   Code   RO         1560    i.RTC_ITConfig      stm32f10x_rtc.o
    0x08001894   0x00000094   Code   RO          128    i.RTC_Init          rtc_init.o
    0x08001928   0x0000001c   Code   RO         1562    i.RTC_SetCounter    stm32f10x_rtc.o
    0x08001944   0x00000020   Code   RO         1563    i.RTC_SetPrescaler  stm32f10x_rtc.o
    0x08001964   0x00000014   Code   RO         1564    i.RTC_WaitForLastTask  stm32f10x_rtc.o
    0x08001978   0x00000020   Code   RO         1565    i.RTC_WaitForSynchro  stm32f10x_rtc.o
    0x08001998   0x00000002   Code   RO          561    i.SVC_Handler       stm32f10x_it.o
    0x0800199a   0x00000002   Code   RO          562    i.SysTick_Handler   stm32f10x_it.o
    0x0800199c   0x00000078   Code   RO          563    i.TIM2_IRQHandler   stm32f10x_it.o
    0x08001a14   0x00000006   Code   RO         1985    i.TIM_ClearFlag     stm32f10x_tim.o
    0x08001a1a   0x00000006   Code   RO         1986    i.TIM_ClearITPendingBit  stm32f10x_tim.o
    0x08001a20   0x00000016   Code   RO         1991    i.TIM_Cmd           stm32f10x_tim.o
    0x08001a36   0x00000002   PAD
    0x08001a38   0x000000b4   Code   RO         1996    i.TIM_DeInit        stm32f10x_tim.o
    0x08001aec   0x00000018   Code   RO         2012    i.TIM_GetITStatus   stm32f10x_tim.o
    0x08001b04   0x00000010   Code   RO         2016    i.TIM_ITConfig      stm32f10x_tim.o
    0x08001b14   0x0000003c   Code   RO         2062    i.TIM_TimeBaseInit  stm32f10x_tim.o
    0x08001b50   0x00000104   Code   RO          130    i.Time_Regulate     rtc_init.o
    0x08001c54   0x00000054   Code   RO            2    i.Timer_Config      main.o
    0x08001ca8   0x0000001e   Code   RO         2515    i.USART_ClockInit   stm32f10x_usart.o
    0x08001cc6   0x00000014   Code   RO         2517    i.USART_Cmd         stm32f10x_usart.o
    0x08001cda   0x00000002   PAD
    0x08001cdc   0x00000058   Code   RO          131    i.USART_Configuration  rtc_init.o
    0x08001d34   0x0000000e   Code   RO         2520    i.USART_GetFlagStatus  stm32f10x_usart.o
    0x08001d42   0x00000002   PAD
    0x08001d44   0x0000008c   Code   RO         2524    i.USART_Init        stm32f10x_usart.o
    0x08001dd0   0x00000008   Code   RO         2529    i.USART_ReceiveData  stm32f10x_usart.o
    0x08001dd8   0x000000d0   Code   RO          132    i.USART_Scanf       rtc_init.o
    0x08001ea8   0x00000008   Code   RO         2532    i.USART_SendData    stm32f10x_usart.o
    0x08001eb0   0x00000002   Code   RO          564    i.UsageFault_Handler  stm32f10x_it.o
    0x08001eb2   0x00000030   Code   RO          251    i.Wel_Logo          lcd.o
    0x08001ee2   0x00000002   PAD
    0x08001ee4   0x00000020   Code   RO         3022    i.__0printf         printfa.o(mc_w.l)
    0x08001f04   0x00000028   Code   RO         3024    i.__0sprintf        printfa.o(mc_w.l)
    0x08001f2c   0x0000000e   Code   RO         3097    i.__scatterload_copy  handlers.o(mc_w.l)
    0x08001f3a   0x00000002   Code   RO         3098    i.__scatterload_null  handlers.o(mc_w.l)
    0x08001f3c   0x0000000e   Code   RO         3099    i.__scatterload_zeroinit  handlers.o(mc_w.l)
    0x08001f4a   0x00000002   PAD
    0x08001f4c   0x00000198   Code   RO         3029    i._fp_digits        printfa.o(mc_w.l)
    0x080020e4   0x00000700   Code   RO         3030    i._printf_core      printfa.o(mc_w.l)
    0x080027e4   0x00000024   Code   RO         3031    i._printf_post_padding  printfa.o(mc_w.l)
    0x08002808   0x0000002c   Code   RO         3032    i._printf_pre_padding  printfa.o(mc_w.l)
    0x08002834   0x0000000a   Code   RO         3034    i._sputc            printfa.o(mc_w.l)
    0x0800283e   0x00000040   Code   RO          252    i.address_set       lcd.o
    0x0800287e   0x00000002   PAD
    0x08002880   0x000000e4   Code   RO          253    i.cal_money         lcd.o
    0x08002964   0x00000024   Code   RO          133    i.fputc             rtc_init.o
    0x08002988   0x000000f0   Code   RO          257    i.ili9320_PutChars_S3264  lcd.o
    0x08002a78   0x000000d8   Code   RO          258    i.ili9320_PutChars_S3316  lcd.o
    0x08002b50   0x000000a0   Code   RO          260    i.ili9320_PutCharz  lcd.o
    0x08002bf0   0x000000a4   Code   RO          261    i.ili9320_PutCharz_S4035  lcd.o
    0x08002c94   0x000000a4   Code   RO          262    i.ili9320_PutCharz_S5664  lcd.o
    0x08002d38   0x000000b0   Code   RO          263    i.ili9320_Put_Km    lcd.o
    0x08002de8   0x00000028   Code   RO          266    i.ili9320_SetPoint  lcd.o
    0x08002e10   0x000000e4   Code   RO            3    i.main              main.o
    0x08002ef4   0x00000208   Code   RO          272    i.test              lcd.o
    0x080030fc   0x00000145   Data   RO          134    .constdata          rtc_init.o
    0x08003241   0x00000003   PAD
    0x08003244   0x00029f59   Data   RO          273    .constdata          lcd.o
    0x0802d19d   0x00000003   PAD
    0x0802d1a0   0x00000020   Data   RO         3095    Region$$Table       anon$$obj.o


    Execution Region RW_IRAM1 (Base: 0x20000000, Size: 0x00000270, Max: 0x00010000, ABSOLUTE)

    Base Addr    Size         Type   Attr      Idx    E Section Name        Object

    0x20000000   0x0000000c   Data   RW            5    .data               main.o
    0x2000000c   0x00000004   Data   RW            6    .data               main.o
    0x20000010   0x00000001   Data   RW            7    .data               main.o
    0x20000011   0x00000001   Data   RW            8    .data               main.o
    0x20000012   0x00000002   PAD
    0x20000014   0x00000020   Data   RW          135    .data               rtc_init.o
    0x20000034   0x00000011   Data   RW          281    .data               lcd.o
    0x20000045   0x00000003   PAD
    0x20000048   0x00000004   Data   RW          565    .data               stm32f10x_it.o
    0x2000004c   0x00000014   Data   RW          706    .data               stm32f10x_rcc.o
    0x20000060   0x00000004   Data   RW         3075    .data               stdout.o(mc_w.l)
    0x20000064   0x0000000a   Zero   RW            4    .bss                main.o
    0x2000006e   0x00000002   PAD
    0x20000070   0x00000200   Zero   RW         2779    STACK               startup_stm32f10x_hd.o


==============================================================================

Image component sizes


      Code (inc. data)   RO Data    RW Data    ZI Data      Debug   Object Name

       368        226          0          0          0       1666   bill.o
         0          0          0          0          0         20   core_cm3.o
      2882        260     171865         17          0      16312   lcd.o
        82          0          0          0          0        580   lcd_init.o
       372         24          0         18         10      57994   main.o
       132         18          0          0          0       4113   misc.o
      1420        322        325         32          0       6996   rtc_init.o
        48         12        304          0        512        592   startup_stm32f10x_hd.o
        50         12          0          0          0       1732   stm32f10x_bkp.o
       180         16          0          0          0       4668   stm32f10x_exti.o
        44         12          0          0          0       1169   stm32f10x_flash.o
       220          4          0          0          0      10069   stm32f10x_fsmc.o
       206          6          0          0          0      19110   stm32f10x_gpio.o
       342         58          0          4          0     206799   stm32f10x_it.o
        12          6          0          0          0        558   stm32f10x_pwr.o
       680        134          0         20          0      24368   stm32f10x_rcc.o
       232         50          0          0          0       6346   stm32f10x_rtc.o
       314         18          0          0          0      32386   stm32f10x_tim.o
       220          6          0          0          0      12226   stm32f10x_usart.o

    ----------------------------------------------------------------------
      7830       1184     172532         96        524     407704   Object Totals
         0          0         32          0          0          0   (incl. Generated)
        26          0          6          5          2          2   (incl. Padding)

    ----------------------------------------------------------------------

      Code (inc. data)   RO Data    RW Data    ZI Data      Debug   Library Member Name

        76          2          0          0          0         68   cdrcmple.o
        58          0          0          0          0         96   d2f.o
       414          0          0          0          0        184   dadd.o
       248          0          0          0          0         96   ddiv.o
       200          4          0          0          0        136   depilogue.o
        50          0          0          0          0         68   dfixul.o
       232          0          0          0          0         96   dmul.o
         0          0          0          0          0          0   entry.o
         8          4          0          0          0          0   entry2.o
         4          0          0          0          0          0   entry5.o
         8          4          0          0          0          0   entry7.o
        36          0          0          0          0         68   f2d.o
       168          0          0          0          0        144   fadd.o
        92          0          0          0          0        152   fepilogue.o
        50          0          0          0          0         68   ffixi.o
        20          0          0          0          0         68   fflti.o
       102          0          0          0          0         76   fmul.o
        10          0          0          0          0         68   fscalb.o
        30          0          0          0          0          0   handlers.o
        36          8          0          0          0         68   init.o
         0          0          0          0          0          0   iusefp.o
        32          0          0          0          0         68   llshl.o
        30          0          0          0          0         68   llushr.o
      2362        108          0          0          0        592   printfa.o
         0          0          0          4          0          0   stdout.o
        44          0          0          0          0         76   uidiv.o
        90          0          0          0          0         88   uldiv.o

    ----------------------------------------------------------------------
      4406        130          0          4          0       2348   Library Totals
         6          0          0          0          0          0   (incl. Padding)

    ----------------------------------------------------------------------

      Code (inc. data)   RO Data    RW Data    ZI Data      Debug   Library Name

      2644        124          0          4          0        960   mc_w.l
      1756          6          0          0          0       1388   mf_w.l

    ----------------------------------------------------------------------
      4406        130          0          4          0       2348   Library Totals

    ----------------------------------------------------------------------

==============================================================================


      Code (inc. data)   RO Data    RW Data    ZI Data      Debug   

     12236       1314     172532        100        524     403604   Grand Totals
     12236       1314     172532        100        524     403604   ELF Image Totals
     12236       1314     172532        100          0          0   ROM Totals

==============================================================================

    Total RO  Size (Code + RO Data)               184768 ( 180.44kB)
    Total RW  Size (RW Data + ZI Data)               624 (   0.61kB)
    Total ROM Size (Code + RO Data + RW Data)     184868 ( 180.54kB)

==============================================================================

